note: "version 2" Tectonic command-line interface activated
note: Running TeX ...
warning: lineno.sty:296: Invalid UTF-8 byte or sequence at line 296 replaced by U+FFFD.
warning: hyperref.sty:4873: Requested font "pzdr" at 0.00002pt
warning: hyperref.sty:4873:  -> pzdr
warning: main.tex:50: 
Requested font "[TeXGyreTermesX-Regular.otf]/OT" at 10.94997pt
warning: main.tex:50: Requested font "[TeXGyreTermesX-Regular.otf]/OT" at 10.95003pt
warning: main.tex:50: Requested font "[TeXGyreTermesX-Regular.otf]/OT:script=latn;language=dflt;" at 10.95003pt
warning: main.tex:50: Requested font "[TeXGyreTermesX-Bold.otf]/OT:script=latn;language=dflt;" at 10.95003pt
warning: main.tex:50: Requested font "[TeXGyreTermesX-Italic.otf]/OT:script=latn;language=dflt;" at 10.95003pt
warning: main.tex:50: Requested font "[TeXGyreTermesX-Slanted.otf]/OT:script=latn;language=dflt;" at 10.95003pt
warning: main.tex:50: Requested font "[TeXGyreTermesX-BoldItalic.otf]/OT:script=latn;language=dflt;" at 10.95003pt
warning: main.tex:50: Requested font "[TeXGyreTermesX-BoldSlanted.otf]/OT:script=latn;language=dflt;" at 10.95003pt
warning: main.tex:50: Requested font "[TeXGyreTermesX-Regular.otf]/OT:script=latn;language=dflt;-ss05;+tnum;+lnum;mapping=tex-text;" at 10.95pt
warning: main.tex:52: Requested font "[TeXGyreTermesX-Regular.otf]/OT:script=latn;language=dflt;-ss05;+tnum;+lnum;mapping=tex-text;" at 17.28pt
warning: main.tex:52: Requested font "[TeXGyreTermesX-Regular.otf]/OT:script=latn;language=dflt;-ss05;+tnum;+lnum;mapping=tex-text;" at 12.0pt
warning: main.tex:52: 
Requested font "ntx-Regular-tlf-ot1" at 12.0pt
warning: main.tex:52:  -> ntx-Regular-tlf-ot1
warning: main.tex:52: Requested font "ntx-Regular-tlf-ot1" at 8.8pt
warning: main.tex:52:  -> ntx-Regular-tlf-ot1
warning: main.tex:52: Requested font "ntx-Regular-tlf-ot1" at 6.6pt
warning: main.tex:52:  -> ntx-Regular-tlf-ot1
warning: main.tex:52: Requested font "ntxmi" at 12.0pt
warning: main.tex:52:  -> ntxmi
warning: main.tex:52: Requested font "ntxmi" at 8.8pt
warning: main.tex:52:  -> ntxmi
warning: main.tex:52: Requested font "ntxmi7" at 6.6pt
warning: main.tex:52:  -> ntxmi7
warning: main.tex:52: Requested font "ntxsy" at 12.0pt
warning: main.tex:52:  -> ntxsy
warning: main.tex:52: Requested font "ntxsy" at 8.8pt
warning: main.tex:52:  -> ntxsy
warning: main.tex:52: Requested font "ntxsy7" at 6.6pt
warning: main.tex:52:  -> ntxsy7
warning: main.tex:52: Requested font "ntxexx" at 12.0pt
warning: main.tex:52:  -> ntxexx
warning: main.tex:52: Requested font "ntxexx" at 8.8pt
warning: main.tex:52:  -> ntxexx
warning: main.tex:52: Requested font "ntxexx" at 6.6pt
warning: main.tex:52:  -> ntxexx
warning: main.tex:52: 
Requested font "ntxmia" at 12.0pt
warning: main.tex:52:  -> ntxmia
warning: main.tex:52: Requested font "ntxmia" at 8.8pt
warning: main.tex:52:  -> ntxmia
warning: main.tex:52: Requested font "ntxmia" at 6.6pt
warning: main.tex:52:  -> ntxmia
warning: main.tex:52: 
Requested font "ntxsym" at 12.0pt
warning: main.tex:52:  -> ntxsym
warning: main.tex:52: Requested font "ntxsym" at 8.8pt
warning: main.tex:52:  -> ntxsym
warning: main.tex:52: Requested font "ntxsym" at 6.6pt
warning: main.tex:52:  -> ntxsym
warning: main.tex:52: 
Requested font "ntxsyc" at 12.0pt
warning: main.tex:52:  -> ntxsyc
warning: main.tex:52: Requested font "ntxsyc" at 8.8pt
warning: main.tex:52:  -> ntxsyc
warning: main.tex:52: Requested font "ntxsyc" at 6.6pt
warning: main.tex:52:  -> ntxsyc
warning: main.tex:52: Requested font "ntxexa" at 12.0pt
warning: main.tex:52:  -> ntxexa
warning: main.tex:52: Requested font "ntxexa" at 8.8pt
warning: main.tex:52:  -> ntxexa
warning: main.tex:52: Requested font "ntxexa" at 6.6pt
warning: main.tex:52:  -> ntxexa
warning: main.tex:52: Requested font "ntx-Bold-tlf-ot1" at 12.0pt
warning: main.tex:52:  -> ntx-Bold-tlf-ot1
warning: main.tex:52: Requested font "ntx-Bold-tlf-ot1" at 8.8pt
warning: main.tex:52:  -> ntx-Bold-tlf-ot1
warning: main.tex:52: Requested font "ntx-Bold-tlf-ot1" at 6.6pt
warning: main.tex:52:  -> ntx-Bold-tlf-ot1
warning: main.tex:52: Requested font "ntxbmi" at 12.0pt
warning: main.tex:52:  -> ntxbmi
warning: main.tex:52: Requested font "ntxbmi" at 8.8pt
warning: main.tex:52:  -> ntxbmi
warning: main.tex:52: Requested font "ntxbmi7" at 6.6pt
warning: main.tex:52:  -> ntxbmi7
warning: main.tex:52: Requested font "ntxbsy" at 12.0pt
warning: main.tex:52:  -> ntxbsy
warning: main.tex:52: Requested font "ntxbsy" at 8.8pt
warning: main.tex:52:  -> ntxbsy
warning: main.tex:52: Requested font "ntxbsy7" at 6.6pt
warning: main.tex:52:  -> ntxbsy7
warning: main.tex:52: Requested font "ntxbexx" at 12.0pt
warning: main.tex:52:  -> ntxbexx
warning: main.tex:52: Requested font "ntxbexx" at 8.8pt
warning: main.tex:52:  -> ntxbexx
warning: main.tex:52: Requested font "ntxbexx" at 6.6pt
warning: main.tex:52:  -> ntxbexx
warning: main.tex:52: Requested font "[TeXGyreTermesX-Regular.otf]/OT" at 11.99997pt
warning: main.tex:52: Requested font "[TeXGyreTermesX-Regular.otf]/OT:script=latn;language=dflt;" at 12.00003pt
warning: main.tex:52: Requested font "[TeXGyreTermesX-Bold.otf]/OT:script=latn;language=dflt;" at 12.00003pt
warning: main.tex:52: Requested font "[TeXGyreTermesX-Italic.otf]/OT:script=latn;language=dflt;" at 12.00003pt
warning: main.tex:52: Requested font "[TeXGyreTermesX-Slanted.otf]/OT:script=latn;language=dflt;" at 12.00003pt
warning: main.tex:52: Requested font "[TeXGyreTermesX-BoldItalic.otf]/OT:script=latn;language=dflt;" at 12.00003pt
warning: main.tex:52: Requested font "[TeXGyreTermesX-BoldSlanted.otf]/OT:script=latn;language=dflt;" at 12.00003pt
warning: main.tex:52: Requested font "[TeXGyreTermesX-Regular.otf]/OT:script=latn;language=dflt;-ss05;+tnum;+lnum;+sups;mapping=tex-text;" at 12.0pt
warning: main.tex:54: Requested font "[TeXGyreTermesX-Regular.otf]/OT:script=latn;language=dflt;-ss05;+tnum;+lnum;mapping=tex-text;" at 10.0pt
warning: main.tex:54: Requested font "[TeXGyreTermesX-Bold.otf]/OT:script=latn;language=dflt;-ss05;+tnum;+lnum;mapping=tex-text;" at 10.0pt
warning: main.tex:54: Requested font "[TeXGyreTermesX-Regular.otf]/OT:script=latn;language=dflt;-ss05;+tnum;+lnum;mapping=tex-text;" at 6.0pt
warning: main.tex:54: Requested font "[lmsans8-regular]:mapping=tex-text;" at 6.0pt
warning: main.tex:55: Requested font "ntx-Regular-tlf-ot1" at 10.0pt
warning: main.tex:55:  -> ntx-Regular-tlf-ot1
warning: main.tex:55: Requested font "ntx-Regular-tlf-ot1" at 7.3pt
warning: main.tex:55:  -> ntx-Regular-tlf-ot1
warning: main.tex:55: Requested font "ntx-Regular-tlf-ot1" at 5.5pt
warning: main.tex:55:  -> ntx-Regular-tlf-ot1
warning: main.tex:55: Requested font "ntxmi" at 10.0pt
warning: main.tex:55:  -> ntxmi
warning: main.tex:55: Requested font "ntxmi7" at 7.3pt
warning: main.tex:55:  -> ntxmi7
warning: main.tex:55: Requested font "ntxmi5" at 5.5pt
warning: main.tex:55:  -> ntxmi5
warning: main.tex:55: Requested font "ntxsy" at 10.0pt
warning: main.tex:55:  -> ntxsy
warning: main.tex:55: Requested font "ntxsy7" at 7.3pt
warning: main.tex:55:  -> ntxsy7
warning: main.tex:55: Requested font "ntxsy5" at 5.5pt
warning: main.tex:55:  -> ntxsy5
warning: main.tex:55: Requested font "ntxexx" at 10.0pt
warning: main.tex:55:  -> ntxexx
warning: main.tex:55: Requested font "ntxexx" at 7.3pt
warning: main.tex:55:  -> ntxexx
warning: main.tex:55: Requested font "ntxexx" at 5.5pt
warning: main.tex:55:  -> ntxexx
warning: main.tex:55: Requested font "ntxmia" at 10.0pt
warning: main.tex:55:  -> ntxmia
warning: main.tex:55: Requested font "ntxmia" at 7.3pt
warning: main.tex:55:  -> ntxmia
warning: main.tex:55: Requested font "ntxmia" at 5.5pt
warning: main.tex:55:  -> ntxmia
warning: main.tex:55: Requested font "ntxsym" at 10.0pt
warning: main.tex:55:  -> ntxsym
warning: main.tex:55: Requested font "ntxsym" at 7.3pt
warning: main.tex:55:  -> ntxsym
warning: main.tex:55: Requested font "ntxsym" at 5.5pt
warning: main.tex:55:  -> ntxsym
warning: main.tex:55: Requested font "ntxsyc" at 10.0pt
warning: main.tex:55:  -> ntxsyc
warning: main.tex:55: Requested font "ntxsyc" at 7.3pt
warning: main.tex:55:  -> ntxsyc
warning: main.tex:55: Requested font "ntxsyc" at 5.5pt
warning: main.tex:55:  -> ntxsyc
warning: main.tex:55: Requested font "ntxexa" at 10.0pt
warning: main.tex:55:  -> ntxexa
warning: main.tex:55: Requested font "ntxexa" at 7.3pt
warning: main.tex:55:  -> ntxexa
warning: main.tex:55: Requested font "ntxexa" at 5.5pt
warning: main.tex:55:  -> ntxexa
warning: main.tex:55: Requested font "ntx-Bold-tlf-ot1" at 10.0pt
warning: main.tex:55:  -> ntx-Bold-tlf-ot1
warning: main.tex:55: Requested font "ntx-Bold-tlf-ot1" at 7.3pt
warning: main.tex:55:  -> ntx-Bold-tlf-ot1
warning: main.tex:55: Requested font "ntx-Bold-tlf-ot1" at 5.5pt
warning: main.tex:55:  -> ntx-Bold-tlf-ot1
warning: main.tex:55: Requested font "ntxbmi" at 10.0pt
warning: main.tex:55:  -> ntxbmi
warning: main.tex:55: Requested font "ntxbmi7" at 7.3pt
warning: main.tex:55:  -> ntxbmi7
warning: main.tex:55: Requested font "ntxbmi5" at 5.5pt
warning: main.tex:55:  -> ntxbmi5
warning: main.tex:55: Requested font "ntxbsy" at 10.0pt
warning: main.tex:55:  -> ntxbsy
warning: main.tex:55: Requested font "ntxbsy7" at 7.3pt
warning: main.tex:55:  -> ntxbsy7
warning: main.tex:55: Requested font "ntxbsy5" at 5.5pt
warning: main.tex:55:  -> ntxbsy5
warning: main.tex:55: Requested font "ntxbexx" at 10.0pt
warning: main.tex:55:  -> ntxbexx
warning: main.tex:55: Requested font "ntxbexx" at 7.3pt
warning: main.tex:55:  -> ntxbexx
warning: main.tex:55: Requested font "ntxbexx" at 5.5pt
warning: main.tex:55:  -> ntxbexx
warning: main.tex:59: Requested font "[TeXGyreTermesX-Bold.otf]/OT:script=latn;language=dflt;-ss05;+tnum;+lnum;mapping=tex-text;" at 10.95pt
warning: main.tex:68: Requested font "[TeXGyreTermesX-Regular.otf]/OT:script=latn;language=dflt;-ss05;+tnum;+lnum;mapping=tex-text;" at 14.4pt
warning: main.tex:68: Requested font "[TeXGyreTermesX-Bold.otf]/OT:script=latn;language=dflt;-ss05;+tnum;+lnum;mapping=tex-text;" at 14.4pt
warning: main.tex:86: Requested font "[TeXGyreTermesX-Italic.otf]/OT:script=latn;language=dflt;-ss05;+tnum;+lnum;mapping=tex-text;" at 10.95pt
warning: main.tex:89: Requested font "ntx-Regular-tlf-ot1" at 10.95pt
warning: main.tex:89:  -> ntx-Regular-tlf-ot1
warning: main.tex:89: Requested font "ntx-Regular-tlf-ot1" at 8.0pt
warning: main.tex:89:  -> ntx-Regular-tlf-ot1
warning: main.tex:89: Requested font "ntx-Regular-tlf-ot1" at 6.1pt
warning: main.tex:89:  -> ntx-Regular-tlf-ot1
warning: main.tex:89: Requested font "ntxmi" at 10.95pt
warning: main.tex:89:  -> ntxmi
warning: main.tex:89: Requested font "ntxmi7" at 8.0pt
warning: main.tex:89:  -> ntxmi7
warning: main.tex:89: Requested font "ntxmi5" at 6.1pt
warning: main.tex:89:  -> ntxmi5
warning: main.tex:89: Requested font "ntxsy" at 10.95pt
warning: main.tex:89:  -> ntxsy
warning: main.tex:89: Requested font "ntxsy7" at 8.0pt
warning: main.tex:89:  -> ntxsy7
warning: main.tex:89: Requested font "ntxsy5" at 6.1pt
warning: main.tex:89:  -> ntxsy5
warning: main.tex:89: Requested font "ntxexx" at 10.95pt
warning: main.tex:89:  -> ntxexx
warning: main.tex:89: Requested font "ntxexx" at 8.0pt
warning: main.tex:89:  -> ntxexx
warning: main.tex:89: Requested font "ntxexx" at 6.1pt
warning: main.tex:89:  -> ntxexx
warning: main.tex:89: Requested font "ntxmia" at 10.95pt
warning: main.tex:89:  -> ntxmia
warning: main.tex:89: Requested font "ntxmia" at 8.0pt
warning: main.tex:89:  -> ntxmia
warning: main.tex:89: Requested font "ntxmia" at 6.1pt
warning: main.tex:89:  -> ntxmia
warning: main.tex:89: Requested font "ntxsym" at 10.95pt
warning: main.tex:89:  -> ntxsym
warning: main.tex:89: Requested font "ntxsym" at 8.0pt
warning: main.tex:89:  -> ntxsym
warning: main.tex:89: Requested font "ntxsym" at 6.1pt
warning: main.tex:89:  -> ntxsym
warning: main.tex:89: Requested font "ntxsyc" at 10.95pt
warning: main.tex:89:  -> ntxsyc
warning: main.tex:89: Requested font "ntxsyc" at 8.0pt
warning: main.tex:89:  -> ntxsyc
warning: main.tex:89: Requested font "ntxsyc" at 6.1pt
warning: main.tex:89:  -> ntxsyc
warning: main.tex:89: Requested font "ntxexa" at 10.95pt
warning: main.tex:89:  -> ntxexa
warning: main.tex:89: Requested font "ntxexa" at 8.0pt
warning: main.tex:89:  -> ntxexa
warning: main.tex:89: Requested font "ntxexa" at 6.1pt
warning: main.tex:89:  -> ntxexa
warning: main.tex:89: Requested font "ntx-Bold-tlf-ot1" at 10.95pt
warning: main.tex:89:  -> ntx-Bold-tlf-ot1
warning: main.tex:89: Requested font "ntx-Bold-tlf-ot1" at 8.0pt
warning: main.tex:89:  -> ntx-Bold-tlf-ot1
warning: main.tex:89: Requested font "ntx-Bold-tlf-ot1" at 6.1pt
warning: main.tex:89:  -> ntx-Bold-tlf-ot1
warning: main.tex:89: Requested font "ntxbmi" at 10.95pt
warning: main.tex:89:  -> ntxbmi
warning: main.tex:89: Requested font "ntxbmi7" at 8.0pt
warning: main.tex:89:  -> ntxbmi7
warning: main.tex:89: Requested font "ntxbmi5" at 6.1pt
warning: main.tex:89:  -> ntxbmi5
warning: main.tex:89: Requested font "ntxbsy" at 10.95pt
warning: main.tex:89:  -> ntxbsy
warning: main.tex:89: Requested font "ntxbsy7" at 8.0pt
warning: main.tex:89:  -> ntxbsy7
warning: main.tex:89: Requested font "ntxbsy5" at 6.1pt
warning: main.tex:89:  -> ntxbsy5
warning: main.tex:89: Requested font "ntxbexx" at 10.95pt
warning: main.tex:89:  -> ntxbexx
warning: main.tex:89: Requested font "ntxbexx" at 8.0pt
warning: main.tex:89:  -> ntxbexx
warning: main.tex:89: Requested font "ntxbexx" at 6.1pt
warning: main.tex:89:  -> ntxbexx
warning: main.tex:132: Requested font "[TeXGyreTermesX-Bold.otf]/OT:script=latn;language=dflt;-ss05;+tnum;+lnum;mapping=tex-text;" at 12.0pt
note: Running BibTeX on main.aux ...
note: Rerunning TeX because bibtex was run ...
warning: lineno.sty:296: Invalid UTF-8 byte or sequence at line 296 replaced by U+FFFD.
warning: hyperref.sty:4873: Requested font "pzdr" at 0.00002pt
warning: hyperref.sty:4873:  -> pzdr
warning: main.tex:50: 
Requested font "[TeXGyreTermesX-Regular.otf]/OT" at 10.94997pt
warning: main.tex:50: Requested font "[TeXGyreTermesX-Regular.otf]/OT" at 10.95003pt
warning: main.tex:50: Requested font "[TeXGyreTermesX-Regular.otf]/OT:script=latn;language=dflt;" at 10.95003pt
warning: main.tex:50: Requested font "[TeXGyreTermesX-Bold.otf]/OT:script=latn;language=dflt;" at 10.95003pt
warning: main.tex:50: Requested font "[TeXGyreTermesX-Italic.otf]/OT:script=latn;language=dflt;" at 10.95003pt
warning: main.tex:50: Requested font "[TeXGyreTermesX-Slanted.otf]/OT:script=latn;language=dflt;" at 10.95003pt
warning: main.tex:50: Requested font "[TeXGyreTermesX-BoldItalic.otf]/OT:script=latn;language=dflt;" at 10.95003pt
warning: main.tex:50: Requested font "[TeXGyreTermesX-BoldSlanted.otf]/OT:script=latn;language=dflt;" at 10.95003pt
warning: main.tex:50: Requested font "[TeXGyreTermesX-Regular.otf]/OT:script=latn;language=dflt;-ss05;+tnum;+lnum;mapping=tex-text;" at 10.95pt
warning: main.tex:52: Requested font "[TeXGyreTermesX-Regular.otf]/OT:script=latn;language=dflt;-ss05;+tnum;+lnum;mapping=tex-text;" at 17.28pt
warning: main.tex:52: Requested font "[TeXGyreTermesX-Regular.otf]/OT:script=latn;language=dflt;-ss05;+tnum;+lnum;mapping=tex-text;" at 12.0pt
warning: main.tex:52: 
Requested font "ntx-Regular-tlf-ot1" at 12.0pt
warning: main.tex:52:  -> ntx-Regular-tlf-ot1
warning: main.tex:52: Requested font "ntx-Regular-tlf-ot1" at 8.8pt
warning: main.tex:52:  -> ntx-Regular-tlf-ot1
warning: main.tex:52: Requested font "ntx-Regular-tlf-ot1" at 6.6pt
warning: main.tex:52:  -> ntx-Regular-tlf-ot1
warning: main.tex:52: Requested font "ntxmi" at 12.0pt
warning: main.tex:52:  -> ntxmi
warning: main.tex:52: Requested font "ntxmi" at 8.8pt
warning: main.tex:52:  -> ntxmi
warning: main.tex:52: Requested font "ntxmi7" at 6.6pt
warning: main.tex:52:  -> ntxmi7
warning: main.tex:52: Requested font "ntxsy" at 12.0pt
warning: main.tex:52:  -> ntxsy
warning: main.tex:52: Requested font "ntxsy" at 8.8pt
warning: main.tex:52:  -> ntxsy
warning: main.tex:52: Requested font "ntxsy7" at 6.6pt
warning: main.tex:52:  -> ntxsy7
warning: main.tex:52: Requested font "ntxexx" at 12.0pt
warning: main.tex:52:  -> ntxexx
warning: main.tex:52: Requested font "ntxexx" at 8.8pt
warning: main.tex:52:  -> ntxexx
warning: main.tex:52: Requested font "ntxexx" at 6.6pt
warning: main.tex:52:  -> ntxexx
warning: main.tex:52: 
Requested font "ntxmia" at 12.0pt
warning: main.tex:52:  -> ntxmia
warning: main.tex:52: Requested font "ntxmia" at 8.8pt
warning: main.tex:52:  -> ntxmia
warning: main.tex:52: Requested font "ntxmia" at 6.6pt
warning: main.tex:52:  -> ntxmia
warning: main.tex:52: 
Requested font "ntxsym" at 12.0pt
warning: main.tex:52:  -> ntxsym
warning: main.tex:52: Requested font "ntxsym" at 8.8pt
warning: main.tex:52:  -> ntxsym
warning: main.tex:52: Requested font "ntxsym" at 6.6pt
warning: main.tex:52:  -> ntxsym
warning: main.tex:52: 
Requested font "ntxsyc" at 12.0pt
warning: main.tex:52:  -> ntxsyc
warning: main.tex:52: Requested font "ntxsyc" at 8.8pt
warning: main.tex:52:  -> ntxsyc
warning: main.tex:52: Requested font "ntxsyc" at 6.6pt
warning: main.tex:52:  -> ntxsyc
warning: main.tex:52: Requested font "ntxexa" at 12.0pt
warning: main.tex:52:  -> ntxexa
warning: main.tex:52: Requested font "ntxexa" at 8.8pt
warning: main.tex:52:  -> ntxexa
warning: main.tex:52: Requested font "ntxexa" at 6.6pt
warning: main.tex:52:  -> ntxexa
warning: main.tex:52: Requested font "ntx-Bold-tlf-ot1" at 12.0pt
warning: main.tex:52:  -> ntx-Bold-tlf-ot1
warning: main.tex:52: Requested font "ntx-Bold-tlf-ot1" at 8.8pt
warning: main.tex:52:  -> ntx-Bold-tlf-ot1
warning: main.tex:52: Requested font "ntx-Bold-tlf-ot1" at 6.6pt
warning: main.tex:52:  -> ntx-Bold-tlf-ot1
warning: main.tex:52: Requested font "ntxbmi" at 12.0pt
warning: main.tex:52:  -> ntxbmi
warning: main.tex:52: Requested font "ntxbmi" at 8.8pt
warning: main.tex:52:  -> ntxbmi
warning: main.tex:52: Requested font "ntxbmi7" at 6.6pt
warning: main.tex:52:  -> ntxbmi7
warning: main.tex:52: Requested font "ntxbsy" at 12.0pt
warning: main.tex:52:  -> ntxbsy
warning: main.tex:52: Requested font "ntxbsy" at 8.8pt
warning: main.tex:52:  -> ntxbsy
warning: main.tex:52: Requested font "ntxbsy7" at 6.6pt
warning: main.tex:52:  -> ntxbsy7
warning: main.tex:52: Requested font "ntxbexx" at 12.0pt
warning: main.tex:52:  -> ntxbexx
warning: main.tex:52: Requested font "ntxbexx" at 8.8pt
warning: main.tex:52:  -> ntxbexx
warning: main.tex:52: Requested font "ntxbexx" at 6.6pt
warning: main.tex:52:  -> ntxbexx
warning: main.tex:52: Requested font "[TeXGyreTermesX-Regular.otf]/OT" at 11.99997pt
warning: main.tex:52: Requested font "[TeXGyreTermesX-Regular.otf]/OT:script=latn;language=dflt;" at 12.00003pt
warning: main.tex:52: Requested font "[TeXGyreTermesX-Bold.otf]/OT:script=latn;language=dflt;" at 12.00003pt
warning: main.tex:52: Requested font "[TeXGyreTermesX-Italic.otf]/OT:script=latn;language=dflt;" at 12.00003pt
warning: main.tex:52: Requested font "[TeXGyreTermesX-Slanted.otf]/OT:script=latn;language=dflt;" at 12.00003pt
warning: main.tex:52: Requested font "[TeXGyreTermesX-BoldItalic.otf]/OT:script=latn;language=dflt;" at 12.00003pt
warning: main.tex:52: Requested font "[TeXGyreTermesX-BoldSlanted.otf]/OT:script=latn;language=dflt;" at 12.00003pt
warning: main.tex:52: Requested font "[TeXGyreTermesX-Regular.otf]/OT:script=latn;language=dflt;-ss05;+tnum;+lnum;+sups;mapping=tex-text;" at 12.0pt
warning: main.tex:54: Requested font "[TeXGyreTermesX-Regular.otf]/OT:script=latn;language=dflt;-ss05;+tnum;+lnum;mapping=tex-text;" at 10.0pt
warning: main.tex:54: Requested font "[TeXGyreTermesX-Bold.otf]/OT:script=latn;language=dflt;-ss05;+tnum;+lnum;mapping=tex-text;" at 10.0pt
warning: main.tex:54: Requested font "[TeXGyreTermesX-Regular.otf]/OT:script=latn;language=dflt;-ss05;+tnum;+lnum;mapping=tex-text;" at 6.0pt
warning: main.tex:54: Requested font "[lmsans8-regular]:mapping=tex-text;" at 6.0pt
warning: main.tex:55: Requested font "ntx-Regular-tlf-ot1" at 10.0pt
warning: main.tex:55:  -> ntx-Regular-tlf-ot1
warning: main.tex:55: Requested font "ntx-Regular-tlf-ot1" at 7.3pt
warning: main.tex:55:  -> ntx-Regular-tlf-ot1
warning: main.tex:55: Requested font "ntx-Regular-tlf-ot1" at 5.5pt
warning: main.tex:55:  -> ntx-Regular-tlf-ot1
warning: main.tex:55: Requested font "ntxmi" at 10.0pt
warning: main.tex:55:  -> ntxmi
warning: main.tex:55: Requested font "ntxmi7" at 7.3pt
warning: main.tex:55:  -> ntxmi7
warning: main.tex:55: Requested font "ntxmi5" at 5.5pt
warning: main.tex:55:  -> ntxmi5
warning: main.tex:55: Requested font "ntxsy" at 10.0pt
warning: main.tex:55:  -> ntxsy
warning: main.tex:55: Requested font "ntxsy7" at 7.3pt
warning: main.tex:55:  -> ntxsy7
warning: main.tex:55: Requested font "ntxsy5" at 5.5pt
warning: main.tex:55:  -> ntxsy5
warning: main.tex:55: Requested font "ntxexx" at 10.0pt
warning: main.tex:55:  -> ntxexx
warning: main.tex:55: Requested font "ntxexx" at 7.3pt
warning: main.tex:55:  -> ntxexx
warning: main.tex:55: Requested font "ntxexx" at 5.5pt
warning: main.tex:55:  -> ntxexx
warning: main.tex:55: Requested font "ntxmia" at 10.0pt
warning: main.tex:55:  -> ntxmia
warning: main.tex:55: Requested font "ntxmia" at 7.3pt
warning: main.tex:55:  -> ntxmia
warning: main.tex:55: Requested font "ntxmia" at 5.5pt
warning: main.tex:55:  -> ntxmia
warning: main.tex:55: Requested font "ntxsym" at 10.0pt
warning: main.tex:55:  -> ntxsym
warning: main.tex:55: Requested font "ntxsym" at 7.3pt
warning: main.tex:55:  -> ntxsym
warning: main.tex:55: Requested font "ntxsym" at 5.5pt
warning: main.tex:55:  -> ntxsym
warning: main.tex:55: Requested font "ntxsyc" at 10.0pt
warning: main.tex:55:  -> ntxsyc
warning: main.tex:55: Requested font "ntxsyc" at 7.3pt
warning: main.tex:55:  -> ntxsyc
warning: main.tex:55: Requested font "ntxsyc" at 5.5pt
warning: main.tex:55:  -> ntxsyc
warning: main.tex:55: Requested font "ntxexa" at 10.0pt
warning: main.tex:55:  -> ntxexa
warning: main.tex:55: Requested font "ntxexa" at 7.3pt
warning: main.tex:55:  -> ntxexa
warning: main.tex:55: Requested font "ntxexa" at 5.5pt
warning: main.tex:55:  -> ntxexa
warning: main.tex:55: Requested font "ntx-Bold-tlf-ot1" at 10.0pt
warning: main.tex:55:  -> ntx-Bold-tlf-ot1
warning: main.tex:55: Requested font "ntx-Bold-tlf-ot1" at 7.3pt
warning: main.tex:55:  -> ntx-Bold-tlf-ot1
warning: main.tex:55: Requested font "ntx-Bold-tlf-ot1" at 5.5pt
warning: main.tex:55:  -> ntx-Bold-tlf-ot1
warning: main.tex:55: Requested font "ntxbmi" at 10.0pt
warning: main.tex:55:  -> ntxbmi
warning: main.tex:55: Requested font "ntxbmi7" at 7.3pt
warning: main.tex:55:  -> ntxbmi7
warning: main.tex:55: Requested font "ntxbmi5" at 5.5pt
warning: main.tex:55:  -> ntxbmi5
warning: main.tex:55: Requested font "ntxbsy" at 10.0pt
warning: main.tex:55:  -> ntxbsy
warning: main.tex:55: Requested font "ntxbsy7" at 7.3pt
warning: main.tex:55:  -> ntxbsy7
warning: main.tex:55: Requested font "ntxbsy5" at 5.5pt
warning: main.tex:55:  -> ntxbsy5
warning: main.tex:55: Requested font "ntxbexx" at 10.0pt
warning: main.tex:55:  -> ntxbexx
warning: main.tex:55: Requested font "ntxbexx" at 7.3pt
warning: main.tex:55:  -> ntxbexx
warning: main.tex:55: Requested font "ntxbexx" at 5.5pt
warning: main.tex:55:  -> ntxbexx
warning: main.tex:59: Requested font "[TeXGyreTermesX-Bold.otf]/OT:script=latn;language=dflt;-ss05;+tnum;+lnum;mapping=tex-text;" at 10.95pt
warning: main.tex:68: Requested font "[TeXGyreTermesX-Regular.otf]/OT:script=latn;language=dflt;-ss05;+tnum;+lnum;mapping=tex-text;" at 14.4pt
warning: main.tex:68: Requested font "[TeXGyreTermesX-Bold.otf]/OT:script=latn;language=dflt;-ss05;+tnum;+lnum;mapping=tex-text;" at 14.4pt
warning: main.tex:86: Requested font "[TeXGyreTermesX-Italic.otf]/OT:script=latn;language=dflt;-ss05;+tnum;+lnum;mapping=tex-text;" at 10.95pt
warning: main.tex:89: Requested font "ntx-Regular-tlf-ot1" at 10.95pt
warning: main.tex:89:  -> ntx-Regular-tlf-ot1
warning: main.tex:89: Requested font "ntx-Regular-tlf-ot1" at 8.0pt
warning: main.tex:89:  -> ntx-Regular-tlf-ot1
warning: main.tex:89: Requested font "ntx-Regular-tlf-ot1" at 6.1pt
warning: main.tex:89:  -> ntx-Regular-tlf-ot1
warning: main.tex:89: Requested font "ntxmi" at 10.95pt
warning: main.tex:89:  -> ntxmi
warning: main.tex:89: Requested font "ntxmi7" at 8.0pt
warning: main.tex:89:  -> ntxmi7
warning: main.tex:89: Requested font "ntxmi5" at 6.1pt
warning: main.tex:89:  -> ntxmi5
warning: main.tex:89: Requested font "ntxsy" at 10.95pt
warning: main.tex:89:  -> ntxsy
warning: main.tex:89: Requested font "ntxsy7" at 8.0pt
warning: main.tex:89:  -> ntxsy7
warning: main.tex:89: Requested font "ntxsy5" at 6.1pt
warning: main.tex:89:  -> ntxsy5
warning: main.tex:89: Requested font "ntxexx" at 10.95pt
warning: main.tex:89:  -> ntxexx
warning: main.tex:89: Requested font "ntxexx" at 8.0pt
warning: main.tex:89:  -> ntxexx
warning: main.tex:89: Requested font "ntxexx" at 6.1pt
warning: main.tex:89:  -> ntxexx
warning: main.tex:89: Requested font "ntxmia" at 10.95pt
warning: main.tex:89:  -> ntxmia
warning: main.tex:89: Requested font "ntxmia" at 8.0pt
warning: main.tex:89:  -> ntxmia
warning: main.tex:89: Requested font "ntxmia" at 6.1pt
warning: main.tex:89:  -> ntxmia
warning: main.tex:89: Requested font "ntxsym" at 10.95pt
warning: main.tex:89:  -> ntxsym
warning: main.tex:89: Requested font "ntxsym" at 8.0pt
warning: main.tex:89:  -> ntxsym
warning: main.tex:89: Requested font "ntxsym" at 6.1pt
warning: main.tex:89:  -> ntxsym
warning: main.tex:89: Requested font "ntxsyc" at 10.95pt
warning: main.tex:89:  -> ntxsyc
warning: main.tex:89: Requested font "ntxsyc" at 8.0pt
warning: main.tex:89:  -> ntxsyc
warning: main.tex:89: Requested font "ntxsyc" at 6.1pt
warning: main.tex:89:  -> ntxsyc
warning: main.tex:89: Requested font "ntxexa" at 10.95pt
warning: main.tex:89:  -> ntxexa
warning: main.tex:89: Requested font "ntxexa" at 8.0pt
warning: main.tex:89:  -> ntxexa
warning: main.tex:89: Requested font "ntxexa" at 6.1pt
warning: main.tex:89:  -> ntxexa
warning: main.tex:89: Requested font "ntx-Bold-tlf-ot1" at 10.95pt
warning: main.tex:89:  -> ntx-Bold-tlf-ot1
warning: main.tex:89: Requested font "ntx-Bold-tlf-ot1" at 8.0pt
warning: main.tex:89:  -> ntx-Bold-tlf-ot1
warning: main.tex:89: Requested font "ntx-Bold-tlf-ot1" at 6.1pt
warning: main.tex:89:  -> ntx-Bold-tlf-ot1
warning: main.tex:89: Requested font "ntxbmi" at 10.95pt
warning: main.tex:89:  -> ntxbmi
warning: main.tex:89: Requested font "ntxbmi7" at 8.0pt
warning: main.tex:89:  -> ntxbmi7
warning: main.tex:89: Requested font "ntxbmi5" at 6.1pt
warning: main.tex:89:  -> ntxbmi5
warning: main.tex:89: Requested font "ntxbsy" at 10.95pt
warning: main.tex:89:  -> ntxbsy
warning: main.tex:89: Requested font "ntxbsy7" at 8.0pt
warning: main.tex:89:  -> ntxbsy7
warning: main.tex:89: Requested font "ntxbsy5" at 6.1pt
warning: main.tex:89:  -> ntxbsy5
warning: main.tex:89: Requested font "ntxbexx" at 10.95pt
warning: main.tex:89:  -> ntxbexx
warning: main.tex:89: Requested font "ntxbexx" at 8.0pt
warning: main.tex:89:  -> ntxbexx
warning: main.tex:89: Requested font "ntxbexx" at 6.1pt
warning: main.tex:89:  -> ntxbexx
warning: main.tex:132: Requested font "[TeXGyreTermesX-Bold.otf]/OT:script=latn;language=dflt;-ss05;+tnum;+lnum;mapping=tex-text;" at 12.0pt
warning: warnings were issued by the TeX engine; use --print and/or --keep-logs for details.
note: Running xdvipdfmx ...
note: Writing `../../qa/latex_build/main/main.pdf` (2.1740760803222656 MiB)
note: Skipped writing 3 intermediate files (use --keep-intermediates to keep them)
