Mechanism_Report_614564 1 2. The values used are w =0.08 mm, λ=0.0006328 mm and k w =2π w / λ. The original 
Mechanism_Report_614564.pdf 8
Supplementary_614564 1 1. Transverse polarization and the measured signal
Supplementary_614564 2 1.1. What Q adds to captured power | 0.13981. These summary values establish neither equivalence nor a universal dominance by 
Supplementary_614564 4 1.2. Short-distance radial mechanism
Supplementary_614564 5 2. Moving integration regions
Supplementary_614564 6 3. Full-amplitude fold expansion
Supplementary_614564 9 4. General boundaries and general polarization index
Supplementary_614564 10 5. The moving actual zero
Supplementary_614564 11 6. Event response and conditioning | 2. The general P  | 7. Monotonicity and physical scaling paths
Supplementary_614564 12 8. Numerical propagation and normalization | 8.1. Independent implementations
Supplementary_614564 13 8.2. Extent, sampling, and event convergence
Supplementary_614564 14 9. Boundary continuation and event records
Supplementary_614564 18 10. Higher-order, endpoint, and physical-path checks
Supplementary_614564 20 0.02242552. These finite-radius discrepancies are retained. The m< P controls also have  | 11. Maxwell completion and longitudinal diagnostics
Supplementary_614564 21 12. Input mismatch and two-dimensional controls
Supplementary_614564 23 13. Synthetic measurement from circular-channel counts
Supplementary_614564 25 7. These repetitions support the distinction between those two count 
Supplementary_614564 26 13.1. Four-stage failure diagnosis and frozen estimator comparison
Supplementary_614564 29 13.2. Proposed channel-resolved optical implementation
Supplementary_614564 32 14. Finite radius residual mechanism
Supplementary_614564 33 14.1. Coefficients and event recursion
Supplementary_614564 34 14.2. Why the minimum was missed
Supplementary_614564 35 14.3. Predictions and independent numerical evidence
Supplementary_614564 37 Fig. S7. Mechanism evidence. (a) Non-fitted event expansions and full reduced R-S values.  | 14.4. Error accounting and interpretation
Supplementary_614564 38 1. Mingze Liu, Pengcheng Huo, Wenqi Zhu, et al. Broadband generation of perfect Poincaré beams via  | 2. Xin Yan, Xin Tao, Minghao Guo, et al. Vector vortex beams: Theory, generati
Supplementary_614564.pdf 38
Manuscript_614564_Clean 1 1. Introduction
Manuscript_614564_Clean 2 2. Theoretical model and numerical reference | 2.1. Balanced radial Poincaré circular Airy input
Manuscript_614564_Clean 3 2.2. Reduced R-S channels and the first local Stokes domain
Manuscript_614564_Clean 4 2.3. Airy-Hankel expansion and axial-advance scaling
Manuscript_614564_Clean 7 2.4. Numerical reference and error estimates
Manuscript_614564_Clean 8 3. Results and discussion | 3.1. Formation and boundary of the first local Stokes domain
Manuscript_614564_Clean 9 3.2. Axial event defined by the first-domain signal
Manuscript_614564_Clean 11 3.3. Inverse-radius scaling of the axial advance
Manuscript_614564_Clean 13 3.4. Finite-radius and boundary dependence
Manuscript_614564_Clean 15 3.5. Detector response and range of validity
Manuscript_614564_Clean 17 3.6. Proposed experimental arrangement | 4. Conclusion
Manuscript_614564_Clean 18 1. Qiwen Zhan. Cylindrical vector beams: from mathematical concepts to applications.  | 2. Giovanni Milione, H. I. Sztul, D. A. Nolan, et al. Higher-order Poincaré sphere, Stokes  
Manuscript_614564_Clean 19 13. Yi Zhang, Peng Li, Sheng Liu, et al. Manipulating spin-dependent splitting of vector  | 14. Yunfeng Jiang, Shuofeng Zhao, Wenlei Yu, et al. Abruptly autofocusing property of  |
Manuscript_614564_Clean 20 26. Guang-Bo Zhang, Xu-Zhen Gao, Qing-Lu Li, et al. The manipulation of spin angular  | 27. Ji-Xiang Guo, Jin-Song Li, Sen-Sen Li, et al. Manipulation of local angular momentum  | 
Manuscript_614564_Clean.pdf 20
Manuscript_614564_Marked 1 1. Introduction
Manuscript_614564_Marked 2 2. Theoretical model and numerical reference | 2.1. Balanced radial Poincaré circular Airy input
Manuscript_614564_Marked 3 2.2. Reduced R-S channels and the first local Stokes domain
Manuscript_614564_Marked 4 2.3. Airy-Hankel expansion and axial-advance scaling
Manuscript_614564_Marked 7 2.4. Numerical reference and error estimates
Manuscript_614564_Marked 8 3. Results and discussion | 3.1. Formation and boundary of the first local Stokes domain
Manuscript_614564_Marked 9 3.2. Axial event defined by the first-domain signal
Manuscript_614564_Marked 11 3.3. Inverse-radius scaling of the axial advance
Manuscript_614564_Marked 13 3.4. Finite-radius and boundary dependence
Manuscript_614564_Marked 15 3.5. Detector response and range of validity
Manuscript_614564_Marked 17 3.6. Proposed experimental arrangement | 4. Conclusion
Manuscript_614564_Marked 18 1. Qiwen Zhan. Cylindrical vector beams: from mathematical concepts to applications.  | 2. Giovanni Milione, H. I. Sztul, D. A. Nolan, et al. Higher-order Poincaré sphere, Stokes  
Manuscript_614564_Marked 19 13. Yi Zhang, Peng Li, Sheng Liu, et al. Manipulating spin-dependent splitting of vector  | 14. Yunfeng Jiang, Shuofeng Zhao, Wenlei Yu, et al. Abruptly autofocusing property of  |
Manuscript_614564_Marked 20 26. Guang-Bo Zhang, Xu-Zhen Gao, Qing-Lu Li, et al. The manipulation of spin angular  | 27. Ji-Xiang Guo, Jin-Song Li, Sen-Sen Li, et al. Manipulation of local angular momentum  | 
Manuscript_614564_Marked.pdf 20
Response_614564 4 15.71031. At η=0.9 the corresponding residual is 106.59652 versus 154.02359, so the same finite radii do not give an 
Response_614564 6 1. The abstract and Sec. 2 are notation-dense; restate the main result in words before the mathematics.  | 2. State whether the  Dm law is expected to hold for arbitrary m or wheth
Response_614564 7 3. Justify the half-height criterion over the peak (see M1) and the role of the fixed polarization index P = 1.  | 4. The non-monotonic deviations for η = 0.35 at intermediate radi
Response_614564 8 5. Define the scaled coordinate x = z ρ /(2k w | 6. Restate the “relative to m = 1” definitions (Δτ50, R in Fig. 3b) near first use.  | 7. The authors may wish to engage recent ind
Response_614564 9 1. Add Physical Intuition for the Splitting. | 2. This creates  | 2. Highlight Experimental Feasibility.
Response_614564 10 3. Briefly Address the Longitudinal Component (Ez). | 4. Discuss Generalizability (The Polarization Index P).
Response_614564 11 5. Minor Figure Caption Adjustments.
Response_614564.pdf 11
