{
  "original_sources_unchanged": {
    "<original-local-root>/Documents/光学模拟/revision_delivery_614564_verified_20261003/deliverables_final/Manuscript_614564_Clean.docx": true,
    "<original-local-root>/Documents/光学模拟/revision_delivery_614564_verified_20261003/deliverables_final/Manuscript_614564_Marked_Final.docx": true,
    "<original-local-root>/Documents/光学模拟/revision_delivery_614564_verified_20261003/deliverables_final/Supplementary_614564.docx": true,
    "<original-local-root>/Documents/光学模拟/revision_delivery_614564_verified_20261003/deliverables_final/Response_614564.docx": true,
    "<original-local-root>/Documents/光学模拟/poincare_rs_aligned/revision_614564/code/revision_solver.py": true,
    "<original-local-root>/Documents/光学模拟/poincare_rs_aligned/revision_614564/code/formal_asymptotics.py": true,
    "<original-local-root>/Documents/光学模拟/poincare_rs_aligned/revision_614564/code/formal_event_coefficients.py": true,
    "<original-local-root>/Documents/光学模拟/poincare_rs_aligned/revision_614564/code/observables.py": true,
    "<original-local-root>/Documents/光学模拟/poincare_rs_aligned/revision_614564/code/hankel_branch_diagnostics.py": true,
    "<original-local-root>/Documents/光学模拟/poincare_rs_aligned/revision_614564/provenance/review comments 1.flow.txt": true,
    "<original-local-root>/Documents/光学模拟/poincare_rs_aligned/revision_614564/data/final_analysis/eta035_branch_residuals.csv": true,
    "<original-local-root>/Documents/光学模拟/revision_delivery_614564_verified_20261003/latex_source/figure_data/analytic_predictions.csv": true
  },
  "main_clean_and_marked_identical_except_color": true,
  "main_scope": "Only original paragraph 111 replaced by two paragraphs; all other paragraph text and mathematics unchanged.",
  "reviewer_quotations_preserved": 18,
  "si_scope": "Original paragraph 151 replaced; S2 reflowed without a mathematical change; boundary-comparison opening edited; other pre-reference scientific text retained; section 14 and three references added. Current incremental SI wording is checked by validate_copyedit.py.",
  "pdf_pages": {
    "Mechanism_Report_614564.pdf": 8,
    "Supplementary_614564.pdf": 39,
    "Manuscript_614564_Clean.pdf": 20,
    "Manuscript_614564_Marked.pdf": 20,
    "Response_614564.pdf": 11
  },
  "redline_verified_math_objects": 479,
  "redline_verified_body_characters": 30804,
  "direct_source_vs_compact_scaled_max": 1.3784529073745944e-12,
  "direct_source_refinement_scaled_max": 4.637259465312127e-10,
  "numerical_json_finite": true,
  "scope_limit": "No interval-certified global uniqueness theorem; numerical evidence is for eta=0.35, m=3, fixed proxy aperture and declared first-peak event.",
  "passed": true
}
