RADIUS 16 4.3380131796267944 {'2': 4.414678288930584, '3': 4.054636268959334, '4': 4.216364915784336, '5': 4.268971212651107, '6': 4.321131314374184, '8': 4.3295694844148205, '10': 4.338783965093196}
RADIUS 20 4.302352120160541 {'2': 4.414678288930584, '3': 4.092646916365764, '4': 4.222029833825765, '5': 4.259671835694128, '6': 4.293054300796896, '8': 4.2986206636237085, '10': 4.3026649694975845}
RADIUS 24 4.286137373947558 {'2': 4.414678288930584, '3': 4.120705210633747, '4': 4.228524308517081, '5': 4.257159549535073, '6': 4.280341816967551, '8': 4.284214994515149, '10': 4.2862831146365465}
RADIUS 28 4.2786006285113345 {'2': 4.414678288930584, '3': 4.142512104251362, '4': 4.234928473865649, '5': 4.257652258176753, '6': 4.274684128127145, '8': 4.277500732867176, '10': 4.278675496286067}
RADIUS 32 4.2753952675631925 {'2': 4.414678288930584, '3': 4.160090135096811, '4': 4.240954458509313, '5': 4.259553593133115, '6': 4.272593618563884, '8': 4.274715925045625, '10': 4.275436436936211}
RADIUS 36 4.27451064229826 {'2': 4.414678288930584, '3': 4.174650275616417, '4': 4.246529674205307, '5': 4.262116725128795, '6': 4.272419955098786, '8': 4.274065800004636, '10': 4.2745343090808365}
RADIUS 40 4.274925215708745 {'2': 4.414678288930584, '3': 4.186967721635188, '4': 4.251659180365189, '5': 4.2649676377544665, '6': 4.273313254030159, '8': 4.274620142205319, '10': 4.274939133554512}
RADIUS 44 4.2760835982394925 {'2': 4.414678288930584, '3': 4.197564781838533, '4': 4.256375198865807, '5': 4.267910759085121, '6': 4.274807962618751, '8': 4.275866357077293, '10': 4.276091769874007}
RADIUS 48 4.2776682949860865 {'2': 4.414678288930584, '3': 4.206807931780606, '4': 4.260717480722273, '5': 4.2708415672746405, '6': 4.27663713413276, '8': 4.277508676376249, '10': 4.277672917882984}
RADIUS 56 4.281436525582361 {'2': 4.414678288930584, '3': 4.222227734134236, '4': 4.268435918941379, '5': 4.27646998993168, '6': 4.280727957419278, '8': 4.28134353693953, '10': 4.281437356155104}
RADIUS 64 4.285437978934091 {'2': 4.414678288930584, '3': 4.234657278944959, '4': 4.275089440651209, '5': 4.2816652277595555, '6': 4.284925234117248, '8': 4.285379237776947, '10': 4.285437051330479}
RADIUS 80 4.2930994823896365 {'2': 4.414678288930584, '3': 4.253662602648173, '4': 4.286008332013174, '5': 4.2907135822467195, '6': 4.292799986315643, '8': 4.293071374307097, '10': 4.293097164540092}
RADIUS 96 4.299868385610344 {'2': 4.414678288930584, '3': 4.267691749782165, '4': 4.2946465242529985, '5': 4.298225929380247, '6': 4.2996748210947775, '8': 4.299852246291933, '10': 4.299865603563983}
RADIUS 128 4.31083809561404 {'2': 4.414678288930584, '3': 4.287384212013698, '4': 4.307600292866823, '5': 4.309925184694798, '6': 4.310740186284222, '8': 4.310830297217517, '10': 4.310835040305614}
RADIUS 192 4.325886770086702 {'2': 4.414678288930584, '3': 4.310743110355595, '4': 4.324220497591012, '5': 4.325486008410058, '6': 4.32584823133869, '8': 4.325882515583649, '10': 4.3258836237256455}
RADIUS 256 4.335822266140017 {'2': 4.414678288930584, '3': 4.324667783937771, '4': 4.334775824364334, '5': 4.335597797752877, '6': 4.335801548150233, '8': 4.335818709371566, '10': 4.335819105670512}
MINIMA {'rs': {'R0': 36.371295165644675, 'scaled': 4.274505385732319}, '4': {'R0': 12.913605123422611, 'scaled': 4.214295953008915}, '5': {'R0': 24.970503942146152, 'scaled': 4.257085366652171}, '6': {'R0': 34.417066192918185, 'scaled': 4.272325311404478}, '8': {'R0': 35.787920015207014, 'scaled': 4.274064119882205}, '10': {'R0': 36.41148259463518, 'scaled': 4.274527839889099}}
<original-local-root>/Documents/光学模拟/residual_mechanism_research/code/compact_airy.py:23: RuntimeWarning: divide by zero encountered in matmul
  F=H@proj.T/nt
<original-local-root>/Documents/光学模拟/residual_mechanism_research/code/compact_airy.py:23: RuntimeWarning: overflow encountered in matmul
  F=H@proj.T/nt
<original-local-root>/Documents/光学模拟/residual_mechanism_research/code/compact_airy.py:23: RuntimeWarning: invalid value encountered in matmul
  F=H@proj.T/nt
CONTROL {'R0': 24.0, 'model': 'fresnel', 'nx': 48, 'nt': 96, 'reference': {'h': -0.018576678893224372, 'p': 0.9604854719495447, 'q': 0.2610222737378297, 'slope': 0.1682636654755376, 'curvature': -0.4675752375560282, 'maxima': [0.9604854719495447]}, 'target': {'h': -0.1971656017808216, 'p': 0.8371159607906076, 'q': 0.2067842081937252, 'slope': 0.12692332563681366, 'curvature': -0.32700572377234816, 'maxima': [0.8371159607906076]}, 'advance': 0.17858892288759723, 'scaled': 4.286134149302334}
<original-local-root>/Documents/光学模拟/residual_mechanism_research/code/compact_rs.py:17: RuntimeWarning: divide by zero encountered in matmul
  F=H@proj.T/nt
<original-local-root>/Documents/光学模拟/residual_mechanism_research/code/compact_rs.py:17: RuntimeWarning: overflow encountered in matmul
  F=H@proj.T/nt
<original-local-root>/Documents/光学模拟/residual_mechanism_research/code/compact_rs.py:17: RuntimeWarning: invalid value encountered in matmul
  F=H@proj.T/nt
CONTROL {'R0': 24.0, 'model': 'rs', 'nx': 48, 'nt': 96, 'reference': {'h': -0.018576695276808056, 'p': 0.9604854572839264, 'q': 0.2610222736273499, 'slope': 0.1682636650662007, 'curvature': -0.4675752447262186, 'maxima': [0.9604854572839264]}, 'target': {'h': -0.19716575252462262, 'p': 0.837115848996269, 'q': 0.20678420554776286, 'slope': 0.12692332097122283, 'curvature': -0.3270057083333092, 'maxima': [0.837115848996269]}, 'advance': 0.17858905724781457, 'scaled': 4.2861373739475495}
CONTROL {'R0': 24.0, 'model': 'rs', 'nx': 72, 'nt': 128, 'reference': {'h': -0.01857669527680809, 'p': 0.9604854714687121, 'q': 0.2610222736273454, 'slope': 0.1682636650662007, 'curvature': -0.46757525050863014, 'maxima': [0.9604854714687121]}, 'target': {'h': -0.19716575252462518, 'p': 0.8371158609821033, 'q': 0.20678420554775942, 'slope': 0.12692332097131534, 'curvature': -0.3270057127857661, 'maxima': [0.8371158609821033]}, 'advance': 0.1785890572478171, 'scaled': 4.286137373947611}
CONTROL {'R0': 40.0, 'model': 'fresnel', 'nx': 48, 'nt': 96, 'reference': {'h': 0.024809052358255024, 'p': 0.9946053252718895, 'q': 0.27714094573452464, 'slope': 0.18090233321479732, 'curvature': -0.5032837293907539, 'maxima': [0.9946053252718895]}, 'target': {'h': -0.08206399873563573, 'p': 0.919119199896061, 'q': 0.23906113239341287, 'slope': 0.15167971945602662, 'curvature': -0.4038991444540081, 'maxima': [0.919119199896061]}, 'advance': 0.10687305109389075, 'scaled': 4.27492204375563}
CONTROL {'R0': 40.0, 'model': 'rs', 'nx': 48, 'nt': 96, 'reference': {'h': 0.024809042499712258, 'p': 0.994605330834757, 'q': 0.27714094574838916, 'slope': 0.18090233309184012, 'curvature': -0.5032837273090858, 'maxima': [0.994605330834757]}, 'target': {'h': -0.08206408789300673, 'p': 0.9191191051712839, 'q': 0.23906113174553678, 'slope': 0.15167971775184583, 'curvature': -0.40389913207964734, 'maxima': [0.9191191051712839]}, 'advance': 0.10687313039271899, 'scaled': 4.27492521570876}
CONTROL {'R0': 40.0, 'model': 'rs', 'nx': 72, 'nt': 128, 'reference': {'h': 0.02480904249971252, 'p': 0.9946053308376478, 'q': 0.27714094574838444, 'slope': 0.18090233309177073, 'curvature': -0.5032837280029752, 'maxima': [0.9946053308376478]}, 'target': {'h': -0.08206408789300752, 'p': 0.9191191387032981, 'q': 0.23906113174553312, 'slope': 0.15167971775194414, 'curvature': -0.40389914572613866, 'maxima': [0.9191191387032981]}, 'advance': 0.10687313039272005, 'scaled': 4.274925215708802}
CONTROL {'R0': 96.0, 'model': 'fresnel', 'nx': 48, 'nt': 96, 'reference': {'h': 0.07093347060485589, 'p': 1.0312808120062809, 'q': 0.2959667993740041, 'slope': 0.19552521542351198, 'curvature': -0.5459778305387056, 'maxima': [1.0312808120062809]}, 'target': {'h': 0.02614320784813619, 'p': 0.9989064297291378, 'q': 0.2772504408819058, 'slope': 0.18107164518894878, 'curvature': -0.49688916742747957, 'maxima': [0.9989064297291378]}, 'advance': 0.0447902627567197, 'scaled': 4.299865224645091}
CONTROL {'R0': 96.0, 'model': 'rs', 'nx': 48, 'nt': 96, 'reference': {'h': 0.07093346648598216, 'p': 1.031280792708418, 'q': 0.29596679940477727, 'slope': 0.19552521541902482, 'curvature': -0.5459778220963847, 'maxima': [1.031280792708418]}, 'target': {'h': 0.026143170802541294, 'p': 0.9989063941064329, 'q': 0.27725044098308405, 'slope': 0.18107164498795217, 'curvature': -0.4968891647675702, 'maxima': [0.9989063941064329]}, 'advance': 0.04479029568344087, 'scaled': 4.299868385610323}
CONTROL {'R0': 96.0, 'model': 'rs', 'nx': 72, 'nt': 128, 'reference': {'h': 0.07093346648598259, 'p': 1.0312807927314651, 'q': 0.2959667994047721, 'slope': 0.19552521541908266, 'curvature': -0.5459778237154599, 'maxima': [1.0312807927314651]}, 'target': {'h': 0.026143170802541225, 'p': 0.9989064089259994, 'q': 0.2772504409830799, 'slope': 0.18107164498807937, 'curvature': -0.4968891668492384, 'maxima': [0.9989064089259994]}, 'advance': 0.04479029568344137, 'scaled': 4.299868385610371}
