START source_R24_eta0.7_cutoff11
END source_R24_eta0.7_cutoff11 RUN_COMPLETED 11.208607583
START source_R24_eta0.7_cutoff15
END source_R24_eta0.7_cutoff15 RUN_COMPLETED 14.000583666999999
START source_R24_eta0.7_ds004
END source_R24_eta0.7_ds004 RUN_COMPLETED 8.041464916999995
START source_R24_eta0.7_ds00125
END source_R24_eta0.7_ds00125 RUN_COMPLETED 24.956762583
START source_R24_eta0.7_ny301
END source_R24_eta0.7_ny301 RUN_COMPLETED 6.437780499999995
START source_R24_eta0.7_ny1201
END source_R24_eta0.7_ny1201 RUN_COMPLETED 25.319537041000004
START source_R24_eta0.7_dt00125
END source_R24_eta0.7_dt00125 RUN_COMPLETED 15.584484833000005
START source_R192_eta0.2_cutoff11
END source_R192_eta0.2_cutoff11 RUN_COMPLETED 103.029872791
START source_R192_eta0.2_cutoff15
END source_R192_eta0.2_cutoff15 RUN_COMPLETED 130.268328917
START source_R192_eta0.2_ds004
END source_R192_eta0.2_ds004 RUN_COMPLETED 72.84224999999998
START source_R192_eta0.2_ds00125
END source_R192_eta0.2_ds00125 RUN_COMPLETED 232.26315937500004
START source_R192_eta0.2_ny301
END source_R192_eta0.2_ny301 RUN_COMPLETED 59.22936995800001
START source_R192_eta0.2_ny1201
END source_R192_eta0.2_ny1201 RUN_COMPLETED 231.99352750000003
START source_R192_eta0.2_dt00125
END source_R192_eta0.2_dt00125 RUN_COMPLETED 138.17793741599996
START source_R256_eta0.9_cutoff11
END source_R256_eta0.9_cutoff11 RUN_COMPLETED 34.717603499999996
START source_R256_eta0.9_cutoff15
END source_R256_eta0.9_cutoff15 RUN_COMPLETED 46.225144666999995
START source_R256_eta0.9_ds004
END source_R256_eta0.9_ds004 RUN_COMPLETED 25.321218416999955
START source_R256_eta0.9_ds00125
END source_R256_eta0.9_ds00125 RUN_COMPLETED 80.59854470799996
START source_R256_eta0.9_ny301
END source_R256_eta0.9_ny301 RUN_COMPLETED 20.547219625000025
START source_R256_eta0.9_ny1201
END source_R256_eta0.9_ny1201 RUN_COMPLETED 80.621561875
START source_R256_eta0.9_dt00125
END source_R256_eta0.9_dt00125 RUN_COMPLETED 48.761146042000064
START spectrum_R24_eta0.7_base
END spectrum_R24_eta0.7_base RUN_COMPLETED 13.83539129099995
START spectrum_R24_eta0.7_nlog131072
END spectrum_R24_eta0.7_nlog131072 RUN_COMPLETED 13.646612667
START spectrum_R24_eta0.7_nlog524288
END spectrum_R24_eta0.7_nlog524288 RUN_COMPLETED 14.175947707999967
START spectrum_R24_eta0.7_du005
END spectrum_R24_eta0.7_du005 RUN_COMPLETED 7.350801332999936
START spectrum_R24_eta0.7_du00125
END spectrum_R24_eta0.7_du00125 RUN_COMPLETED 26.64824866699996
START spectrum_R24_eta0.7_umax20
END spectrum_R24_eta0.7_umax20 RUN_COMPLETED 12.810157290999996
START spectrum_R24_eta0.7_umax28
END spectrum_R24_eta0.7_umax28 RUN_COMPLETED 14.639801250000119
START spectrum_R192_eta0.2_base
END spectrum_R192_eta0.2_base RUN_COMPLETED 40.47907920800003
START spectrum_R192_eta0.2_nlog131072
END spectrum_R192_eta0.2_nlog131072 RUN_COMPLETED 40.3272994580002
START spectrum_R192_eta0.2_nlog524288
END spectrum_R192_eta0.2_nlog524288 RUN_COMPLETED 40.57334999999989
START spectrum_R192_eta0.2_du005
END spectrum_R192_eta0.2_du005 RUN_COMPLETED 20.552561582999942
START spectrum_R192_eta0.2_du00125
END spectrum_R192_eta0.2_du00125 RUN_COMPLETED 80.20196858299983
START spectrum_R192_eta0.2_umax20
END spectrum_R192_eta0.2_umax20 RUN_COMPLETED 37.497978459000024
START spectrum_R192_eta0.2_umax28
END spectrum_R192_eta0.2_umax28 RUN_COMPLETED 43.026228000000174
