START high_order_R24_eta0.35
END high_order_R24_eta0.35 RUN_COMPLETED 32.398506458
START high_order_R56_eta0.35
END high_order_R56_eta0.35 RUN_COMPLETED 49.66836362500001
START high_order_R96_eta0.35
END high_order_R96_eta0.35 RUN_COMPLETED 69.74881904100005
START high_order_R192_eta0.35
END high_order_R192_eta0.35 RUN_COMPLETED 96.69510450000007
START high_order_R256_eta0.35
END high_order_R256_eta0.35 RUN_COMPLETED 112.52238366699999
START small_ring_R8_eta0.35
END small_ring_R8_eta0.35 RUN_COMPLETED 7.946876417000112
START small_ring_R12_eta0.35
END small_ring_R12_eta0.35 RUN_COMPLETED 9.092017583999905
START P_generalization_R24_eta0.35
END P_generalization_R24_eta0.35 RUN_COMPLETED 22.105143500000167
START P_generalization_R56_eta0.35
END P_generalization_R56_eta0.35 RUN_COMPLETED 31.98543004199996
START P_generalization_R96_eta0.35
END P_generalization_R96_eta0.35 RUN_COMPLETED 41.00394425000013
START P_generalization_R192_eta0.35
END P_generalization_R192_eta0.35 RUN_COMPLETED 57.18019916700018
START high_order_R24_eta0.7
END high_order_R24_eta0.7 RUN_COMPLETED 21.730281332999994
START high_order_R56_eta0.7
END high_order_R56_eta0.7 RUN_COMPLETED 29.518842292000272
START high_order_R96_eta0.7
END high_order_R96_eta0.7 RUN_COMPLETED 39.60569129099986
START high_order_R192_eta0.7
END high_order_R192_eta0.7 RUN_COMPLETED 59.54223362499988
START high_order_R256_eta0.7
END high_order_R256_eta0.7 RUN_COMPLETED 71.35772158300006
START small_ring_R8_eta0.7
END small_ring_R8_eta0.7 RUN_COMPLETED 5.238248249999742
START small_ring_R12_eta0.7
END small_ring_R12_eta0.7 RUN_COMPLETED 6.0385114169998815
START P_generalization_R24_eta0.7
END P_generalization_R24_eta0.7 RUN_COMPLETED 15.070482541999809
START P_generalization_R56_eta0.7
END P_generalization_R56_eta0.7 RUN_COMPLETED 20.238161665999996
START P_generalization_R96_eta0.7
END P_generalization_R96_eta0.7 RUN_COMPLETED 25.95577624999987
START P_generalization_R192_eta0.7
END P_generalization_R192_eta0.7 RUN_COMPLETED 37.06467250000014
START fixed_alpha_R24_eta0.195959179423
END fixed_alpha_R24_eta0.195959179423 RUN_COMPLETED 20.29885466700034
START fixed_alpha_R56_eta0.299332590942
END fixed_alpha_R56_eta0.299332590942 RUN_COMPLETED 19.776093334000052
START fixed_alpha_R96_eta0.391918358845
END fixed_alpha_R96_eta0.391918358845 RUN_COMPLETED 20.5640240419998
START fixed_alpha_R192_eta0.554256258422
END fixed_alpha_R192_eta0.554256258422 RUN_COMPLETED 23.933819459000006
START fixed_alpha_R256_eta0.64
END fixed_alpha_R256_eta0.64 RUN_COMPLETED 29.716134709000016
START fixed_alpha_R24_eta0.391918358845
END fixed_alpha_R24_eta0.391918358845 RUN_COMPLETED 10.562776708000001
START fixed_alpha_R56_eta0.598665181884
END fixed_alpha_R56_eta0.598665181884 RUN_COMPLETED 12.172919083999659
START fixed_alpha_R96_eta0.783836717691
END fixed_alpha_R96_eta0.783836717691 RUN_COMPLETED 13.325320417000057
START fixed_alpha_R192_eta1.10851251684
END fixed_alpha_R192_eta1.10851251684 RUN_COMPLETED 16.612977832999604
START fixed_alpha_R256_eta1.28
END fixed_alpha_R256_eta1.28 RUN_COMPLETED 19.072843957999794
START fixed_alpha_R24_eta0.685857127979
END fixed_alpha_R24_eta0.685857127979 RUN_COMPLETED 7.560925958000098
START fixed_alpha_R56_eta1.0476640683
END fixed_alpha_R56_eta1.0476640683 RUN_COMPLETED 8.688988750000135
START fixed_alpha_R96_eta1.37171425596
END fixed_alpha_R96_eta1.37171425596 RUN_COMPLETED 10.092241000000286
START fixed_alpha_R192_eta1.93989690448
END fixed_alpha_R192_eta1.93989690448 RUN_COMPLETED 13.504811917000097
START fixed_alpha_R256_eta2.24
END fixed_alpha_R256_eta2.24 RUN_COMPLETED 15.647825167000065
START kw200_R24_eta0.35
END kw200_R24_eta0.35 RUN_COMPLETED 9.471113624999816
START kw400_R24_eta0.35
END kw400_R24_eta0.35 RUN_COMPLETED 9.48012216699999
START kw800_R24_eta0.35
END kw800_R24_eta0.35 RUN_COMPLETED 9.500251124999977
START kw1600_R24_eta0.35
END kw1600_R24_eta0.35 RUN_COMPLETED 9.50390762500001
START kw200_R96_eta0.35
END kw200_R96_eta0.35 RUN_COMPLETED 18.790692791999845
START kw400_R96_eta0.35
END kw400_R96_eta0.35 RUN_COMPLETED 18.81972450000012
START kw800_R96_eta0.35
END kw800_R96_eta0.35 RUN_COMPLETED 18.828281334000167
START kw1600_R96_eta0.35
END kw1600_R96_eta0.35 RUN_COMPLETED 18.84011712499978
START kw200_R256_eta0.35
END kw200_R256_eta0.35 RUN_COMPLETED 31.93892712500019
START kw400_R256_eta0.35
END kw400_R256_eta0.35 RUN_COMPLETED 31.97867354200025
START kw800_R256_eta0.35
END kw800_R256_eta0.35 RUN_COMPLETED 31.997189875000004
START kw1600_R256_eta0.35
END kw1600_R256_eta0.35 RUN_COMPLETED 32.03839933299969
START kw200_R24_eta0.7
END kw200_R24_eta0.7 RUN_COMPLETED 6.289882832999865
START kw400_R24_eta0.7
END kw400_R24_eta0.7 RUN_COMPLETED 6.309266166999805
START kw800_R24_eta0.7
END kw800_R24_eta0.7 RUN_COMPLETED 6.295381333000478
START kw1600_R24_eta0.7
END kw1600_R24_eta0.7 RUN_COMPLETED 6.300080125000022
START kw200_R96_eta0.7
END kw200_R96_eta0.7 RUN_COMPLETED 11.883642125000733
START kw400_R96_eta0.7
END kw400_R96_eta0.7 RUN_COMPLETED 11.895263291999981
START kw800_R96_eta0.7
END kw800_R96_eta0.7 RUN_COMPLETED 11.875777209000262
START kw1600_R96_eta0.7
END kw1600_R96_eta0.7 RUN_COMPLETED 11.878387750000002
START kw200_R256_eta0.7
END kw200_R256_eta0.7 RUN_COMPLETED 20.963858040999185
START kw400_R256_eta0.7
END kw400_R256_eta0.7 RUN_COMPLETED 21.036112083000262
START kw800_R256_eta0.7
END kw800_R256_eta0.7 RUN_COMPLETED 21.008381708000343
START kw1600_R256_eta0.7
END kw1600_R256_eta0.7 RUN_COMPLETED 21.04766650000056
