warning: lineno.sty:296: Invalid UTF-8 byte or sequence at line 296 replaced by U+FFFD.
warning: hyperref.sty:4873: Requested font "pzdr" at 0.00002pt
warning: hyperref.sty:4873:  -> pzdr
warning: main.tex:52: 
Requested font "[TeXGyreTermesX-Regular.otf]/OT" at 10.94997pt
warning: main.tex:52: Requested font "[TeXGyreTermesX-Regular.otf]/OT" at 10.95003pt
warning: main.tex:52: Requested font "[TeXGyreTermesX-Regular.otf]/OT:script=latn;language=dflt;" at 10.95003pt
warning: main.tex:52: Requested font "[TeXGyreTermesX-Bold.otf]/OT:script=latn;language=dflt;" at 10.95003pt
warning: main.tex:52: Requested font "[TeXGyreTermesX-Italic.otf]/OT:script=latn;language=dflt;" at 10.95003pt
warning: main.tex:52: Requested font "[TeXGyreTermesX-Slanted.otf]/OT:script=latn;language=dflt;" at 10.95003pt
warning: main.tex:52: Requested font "[TeXGyreTermesX-BoldItalic.otf]/OT:script=latn;language=dflt;" at 10.95003pt
warning: main.tex:52: Requested font "[TeXGyreTermesX-BoldSlanted.otf]/OT:script=latn;language=dflt;" at 10.95003pt
warning: main.tex:52: Requested font "[TeXGyreTermesX-Regular.otf]/OT:script=latn;language=dflt;-ss05;+tnum;+lnum;mapping=tex-text;" at 10.95pt
warning: main.tex:54: Requested font "[TeXGyreTermesX-Regular.otf]/OT:script=latn;language=dflt;-ss05;+tnum;+lnum;mapping=tex-text;" at 17.28pt
warning: main.tex:54: Requested font "[TeXGyreTermesX-Regular.otf]/OT:script=latn;language=dflt;-ss05;+tnum;+lnum;mapping=tex-text;" at 12.0pt
warning: main.tex:54: 
Requested font "ntx-Regular-tlf-ot1" at 12.0pt
warning: main.tex:54:  -> ntx-Regular-tlf-ot1
warning: main.tex:54: Requested font "ntx-Regular-tlf-ot1" at 8.8pt
warning: main.tex:54:  -> ntx-Regular-tlf-ot1
warning: main.tex:54: Requested font "ntx-Regular-tlf-ot1" at 6.6pt
warning: main.tex:54:  -> ntx-Regular-tlf-ot1
warning: main.tex:54: Requested font "ntxmi" at 12.0pt
warning: main.tex:54:  -> ntxmi
warning: main.tex:54: Requested font "ntxmi" at 8.8pt
warning: main.tex:54:  -> ntxmi
warning: main.tex:54: Requested font "ntxmi7" at 6.6pt
warning: main.tex:54:  -> ntxmi7
warning: main.tex:54: Requested font "ntxsy" at 12.0pt
warning: main.tex:54:  -> ntxsy
warning: main.tex:54: Requested font "ntxsy" at 8.8pt
warning: main.tex:54:  -> ntxsy
warning: main.tex:54: Requested font "ntxsy7" at 6.6pt
warning: main.tex:54:  -> ntxsy7
warning: main.tex:54: Requested font "ntxexx" at 12.0pt
warning: main.tex:54:  -> ntxexx
warning: main.tex:54: Requested font "ntxexx" at 8.8pt
warning: main.tex:54:  -> ntxexx
warning: main.tex:54: Requested font "ntxexx" at 6.6pt
warning: main.tex:54:  -> ntxexx
warning: main.tex:54: 
Requested font "ntxmia" at 12.0pt
warning: main.tex:54:  -> ntxmia
warning: main.tex:54: Requested font "ntxmia" at 8.8pt
warning: main.tex:54:  -> ntxmia
warning: main.tex:54: Requested font "ntxmia" at 6.6pt
warning: main.tex:54:  -> ntxmia
warning: main.tex:54: 
Requested font "ntxsym" at 12.0pt
warning: main.tex:54:  -> ntxsym
warning: main.tex:54: Requested font "ntxsym" at 8.8pt
warning: main.tex:54:  -> ntxsym
warning: main.tex:54: Requested font "ntxsym" at 6.6pt
warning: main.tex:54:  -> ntxsym
warning: main.tex:54: 
Requested font "ntxsyc" at 12.0pt
warning: main.tex:54:  -> ntxsyc
warning: main.tex:54: Requested font "ntxsyc" at 8.8pt
warning: main.tex:54:  -> ntxsyc
warning: main.tex:54: Requested font "ntxsyc" at 6.6pt
warning: main.tex:54:  -> ntxsyc
warning: main.tex:54: Requested font "ntxexa" at 12.0pt
warning: main.tex:54:  -> ntxexa
warning: main.tex:54: Requested font "ntxexa" at 8.8pt
warning: main.tex:54:  -> ntxexa
warning: main.tex:54: Requested font "ntxexa" at 6.6pt
warning: main.tex:54:  -> ntxexa
warning: main.tex:54: Requested font "ntx-Bold-tlf-ot1" at 12.0pt
warning: main.tex:54:  -> ntx-Bold-tlf-ot1
warning: main.tex:54: Requested font "ntx-Bold-tlf-ot1" at 8.8pt
warning: main.tex:54:  -> ntx-Bold-tlf-ot1
warning: main.tex:54: Requested font "ntx-Bold-tlf-ot1" at 6.6pt
warning: main.tex:54:  -> ntx-Bold-tlf-ot1
warning: main.tex:54: Requested font "ntxbmi" at 12.0pt
warning: main.tex:54:  -> ntxbmi
warning: main.tex:54: Requested font "ntxbmi" at 8.8pt
warning: main.tex:54:  -> ntxbmi
warning: main.tex:54: Requested font "ntxbmi7" at 6.6pt
warning: main.tex:54:  -> ntxbmi7
warning: main.tex:54: Requested font "ntxbsy" at 12.0pt
warning: main.tex:54:  -> ntxbsy
warning: main.tex:54: Requested font "ntxbsy" at 8.8pt
warning: main.tex:54:  -> ntxbsy
warning: main.tex:54: Requested font "ntxbsy7" at 6.6pt
warning: main.tex:54:  -> ntxbsy7
warning: main.tex:54: Requested font "ntxbexx" at 12.0pt
warning: main.tex:54:  -> ntxbexx
warning: main.tex:54: Requested font "ntxbexx" at 8.8pt
warning: main.tex:54:  -> ntxbexx
warning: main.tex:54: Requested font "ntxbexx" at 6.6pt
warning: main.tex:54:  -> ntxbexx
warning: main.tex:54: Requested font "[TeXGyreTermesX-Regular.otf]/OT" at 11.99997pt
warning: main.tex:54: Requested font "[TeXGyreTermesX-Regular.otf]/OT:script=latn;language=dflt;" at 12.00003pt
warning: main.tex:54: Requested font "[TeXGyreTermesX-Bold.otf]/OT:script=latn;language=dflt;" at 12.00003pt
warning: main.tex:54: Requested font "[TeXGyreTermesX-Italic.otf]/OT:script=latn;language=dflt;" at 12.00003pt
warning: main.tex:54: Requested font "[TeXGyreTermesX-Slanted.otf]/OT:script=latn;language=dflt;" at 12.00003pt
warning: main.tex:54: Requested font "[TeXGyreTermesX-BoldItalic.otf]/OT:script=latn;language=dflt;" at 12.00003pt
warning: main.tex:54: Requested font "[TeXGyreTermesX-BoldSlanted.otf]/OT:script=latn;language=dflt;" at 12.00003pt
warning: main.tex:54: Requested font "[TeXGyreTermesX-Regular.otf]/OT:script=latn;language=dflt;-ss05;+tnum;+lnum;+sups;mapping=tex-text;" at 12.0pt
warning: main.tex:54: Requested font "[TeXGyreTermesX-Regular.otf]/OT:script=latn;language=dflt;-ss05;+tnum;+lnum;mapping=tex-text;" at 10.0pt
warning: main.tex:56: Requested font "[TeXGyreTermesX-Regular.otf]/OT:script=latn;language=dflt;-ss05;+tnum;+lnum;mapping=tex-text;" at 6.0pt
warning: main.tex:56: Requested font "[lmsans8-regular]:mapping=tex-text;" at 6.0pt
warning: main.tex:57: Requested font "[TeXGyreTermesX-Bold.otf]/OT:script=latn;language=dflt;-ss05;+tnum;+lnum;mapping=tex-text;" at 10.0pt
warning: main.tex:60: Requested font "ntx-Regular-tlf-ot1" at 10.0pt
warning: main.tex:60:  -> ntx-Regular-tlf-ot1
warning: main.tex:60: Requested font "ntx-Regular-tlf-ot1" at 7.3pt
warning: main.tex:60:  -> ntx-Regular-tlf-ot1
warning: main.tex:60: Requested font "ntx-Regular-tlf-ot1" at 5.5pt
warning: main.tex:60:  -> ntx-Regular-tlf-ot1
warning: main.tex:60: Requested font "ntxmi" at 10.0pt
warning: main.tex:60:  -> ntxmi
warning: main.tex:60: Requested font "ntxmi7" at 7.3pt
warning: main.tex:60:  -> ntxmi7
warning: main.tex:60: Requested font "ntxmi5" at 5.5pt
warning: main.tex:60:  -> ntxmi5
warning: main.tex:60: Requested font "ntxsy" at 10.0pt
warning: main.tex:60:  -> ntxsy
warning: main.tex:60: Requested font "ntxsy7" at 7.3pt
warning: main.tex:60:  -> ntxsy7
warning: main.tex:60: Requested font "ntxsy5" at 5.5pt
warning: main.tex:60:  -> ntxsy5
warning: main.tex:60: Requested font "ntxexx" at 10.0pt
warning: main.tex:60:  -> ntxexx
warning: main.tex:60: Requested font "ntxexx" at 7.3pt
warning: main.tex:60:  -> ntxexx
warning: main.tex:60: Requested font "ntxexx" at 5.5pt
warning: main.tex:60:  -> ntxexx
warning: main.tex:60: Requested font "ntxmia" at 10.0pt
warning: main.tex:60:  -> ntxmia
warning: main.tex:60: Requested font "ntxmia" at 7.3pt
warning: main.tex:60:  -> ntxmia
warning: main.tex:60: Requested font "ntxmia" at 5.5pt
warning: main.tex:60:  -> ntxmia
warning: main.tex:60: Requested font "ntxsym" at 10.0pt
warning: main.tex:60:  -> ntxsym
warning: main.tex:60: Requested font "ntxsym" at 7.3pt
warning: main.tex:60:  -> ntxsym
warning: main.tex:60: Requested font "ntxsym" at 5.5pt
warning: main.tex:60:  -> ntxsym
warning: main.tex:60: Requested font "ntxsyc" at 10.0pt
warning: main.tex:60:  -> ntxsyc
warning: main.tex:60: Requested font "ntxsyc" at 7.3pt
warning: main.tex:60:  -> ntxsyc
warning: main.tex:60: Requested font "ntxsyc" at 5.5pt
warning: main.tex:60:  -> ntxsyc
warning: main.tex:60: Requested font "ntxexa" at 10.0pt
warning: main.tex:60:  -> ntxexa
warning: main.tex:60: Requested font "ntxexa" at 7.3pt
warning: main.tex:60:  -> ntxexa
warning: main.tex:60: Requested font "ntxexa" at 5.5pt
warning: main.tex:60:  -> ntxexa
warning: main.tex:60: Requested font "ntx-Bold-tlf-ot1" at 10.0pt
warning: main.tex:60:  -> ntx-Bold-tlf-ot1
warning: main.tex:60: Requested font "ntx-Bold-tlf-ot1" at 7.3pt
warning: main.tex:60:  -> ntx-Bold-tlf-ot1
warning: main.tex:60: Requested font "ntx-Bold-tlf-ot1" at 5.5pt
warning: main.tex:60:  -> ntx-Bold-tlf-ot1
warning: main.tex:60: Requested font "ntxbmi" at 10.0pt
warning: main.tex:60:  -> ntxbmi
warning: main.tex:60: Requested font "ntxbmi7" at 7.3pt
warning: main.tex:60:  -> ntxbmi7
warning: main.tex:60: Requested font "ntxbmi5" at 5.5pt
warning: main.tex:60:  -> ntxbmi5
warning: main.tex:60: Requested font "ntxbsy" at 10.0pt
warning: main.tex:60:  -> ntxbsy
warning: main.tex:60: Requested font "ntxbsy7" at 7.3pt
warning: main.tex:60:  -> ntxbsy7
warning: main.tex:60: Requested font "ntxbsy5" at 5.5pt
warning: main.tex:60:  -> ntxbsy5
warning: main.tex:60: Requested font "ntxbexx" at 10.0pt
warning: main.tex:60:  -> ntxbexx
warning: main.tex:60: Requested font "ntxbexx" at 7.3pt
warning: main.tex:60:  -> ntxbexx
warning: main.tex:60: Requested font "ntxbexx" at 5.5pt
warning: main.tex:60:  -> ntxbexx
warning: main.tex:79: Requested font "[TeXGyreTermesX-Bold.otf]/OT:script=latn;language=dflt;-ss05;+tnum;+lnum;mapping=tex-text;" at 10.95pt
warning: main.tex:88: Requested font "[TeXGyreTermesX-Regular.otf]/OT:script=latn;language=dflt;-ss05;+tnum;+lnum;mapping=tex-text;" at 14.4pt
warning: main.tex:88: Requested font "[TeXGyreTermesX-Bold.otf]/OT:script=latn;language=dflt;-ss05;+tnum;+lnum;mapping=tex-text;" at 14.4pt
warning: main.tex:106: Requested font "[TeXGyreTermesX-Italic.otf]/OT:script=latn;language=dflt;-ss05;+tnum;+lnum;mapping=tex-text;" at 10.95pt
warning: main.tex:109: Requested font "ntx-Regular-tlf-ot1" at 10.95pt
warning: main.tex:109:  -> ntx-Regular-tlf-ot1
warning: main.tex:109: Requested font "ntx-Regular-tlf-ot1" at 8.0pt
warning: main.tex:109:  -> ntx-Regular-tlf-ot1
warning: main.tex:109: Requested font "ntx-Regular-tlf-ot1" at 6.1pt
warning: main.tex:109:  -> ntx-Regular-tlf-ot1
warning: main.tex:109: Requested font "ntxmi" at 10.95pt
warning: main.tex:109:  -> ntxmi
warning: main.tex:109: Requested font "ntxmi7" at 8.0pt
warning: main.tex:109:  -> ntxmi7
warning: main.tex:109: Requested font "ntxmi5" at 6.1pt
warning: main.tex:109:  -> ntxmi5
warning: main.tex:109: Requested font "ntxsy" at 10.95pt
warning: main.tex:109:  -> ntxsy
warning: main.tex:109: Requested font "ntxsy7" at 8.0pt
warning: main.tex:109:  -> ntxsy7
warning: main.tex:109: Requested font "ntxsy5" at 6.1pt
warning: main.tex:109:  -> ntxsy5
warning: main.tex:109: Requested font "ntxexx" at 10.95pt
warning: main.tex:109:  -> ntxexx
warning: main.tex:109: Requested font "ntxexx" at 8.0pt
warning: main.tex:109:  -> ntxexx
warning: main.tex:109: Requested font "ntxexx" at 6.1pt
warning: main.tex:109:  -> ntxexx
warning: main.tex:109: Requested font "ntxmia" at 10.95pt
warning: main.tex:109:  -> ntxmia
warning: main.tex:109: Requested font "ntxmia" at 8.0pt
warning: main.tex:109:  -> ntxmia
warning: main.tex:109: Requested font "ntxmia" at 6.1pt
warning: main.tex:109:  -> ntxmia
warning: main.tex:109: Requested font "ntxsym" at 10.95pt
warning: main.tex:109:  -> ntxsym
warning: main.tex:109: Requested font "ntxsym" at 8.0pt
warning: main.tex:109:  -> ntxsym
warning: main.tex:109: Requested font "ntxsym" at 6.1pt
warning: main.tex:109:  -> ntxsym
warning: main.tex:109: Requested font "ntxsyc" at 10.95pt
warning: main.tex:109:  -> ntxsyc
warning: main.tex:109: Requested font "ntxsyc" at 8.0pt
warning: main.tex:109:  -> ntxsyc
warning: main.tex:109: Requested font "ntxsyc" at 6.1pt
warning: main.tex:109:  -> ntxsyc
warning: main.tex:109: Requested font "ntxexa" at 10.95pt
warning: main.tex:109:  -> ntxexa
warning: main.tex:109: Requested font "ntxexa" at 8.0pt
warning: main.tex:109:  -> ntxexa
warning: main.tex:109: Requested font "ntxexa" at 6.1pt
warning: main.tex:109:  -> ntxexa
warning: main.tex:109: Requested font "ntx-Bold-tlf-ot1" at 10.95pt
warning: main.tex:109:  -> ntx-Bold-tlf-ot1
warning: main.tex:109: Requested font "ntx-Bold-tlf-ot1" at 8.0pt
warning: main.tex:109:  -> ntx-Bold-tlf-ot1
warning: main.tex:109: Requested font "ntx-Bold-tlf-ot1" at 6.1pt
warning: main.tex:109:  -> ntx-Bold-tlf-ot1
warning: main.tex:109: Requested font "ntxbmi" at 10.95pt
warning: main.tex:109:  -> ntxbmi
warning: main.tex:109: Requested font "ntxbmi7" at 8.0pt
warning: main.tex:109:  -> ntxbmi7
warning: main.tex:109: Requested font "ntxbmi5" at 6.1pt
warning: main.tex:109:  -> ntxbmi5
warning: main.tex:109: Requested font "ntxbsy" at 10.95pt
warning: main.tex:109:  -> ntxbsy
warning: main.tex:109: Requested font "ntxbsy7" at 8.0pt
warning: main.tex:109:  -> ntxbsy7
warning: main.tex:109: Requested font "ntxbsy5" at 6.1pt
warning: main.tex:109:  -> ntxbsy5
warning: main.tex:109: Requested font "ntxbexx" at 10.95pt
warning: main.tex:109:  -> ntxbexx
warning: main.tex:109: Requested font "ntxbexx" at 8.0pt
warning: main.tex:109:  -> ntxbexx
warning: main.tex:109: Requested font "ntxbexx" at 6.1pt
warning: main.tex:109:  -> ntxbexx
warning: main.tex:147: Requested font "[TeXGyreTermesX-Bold.otf]/OT:script=latn;language=dflt;-ss05;+tnum;+lnum;mapping=tex-text;" at 12.0pt
warning: revised_results.tex:176: Requested font "[TeXGyreTermesX-Regular.otf]/OT:script=latn;language=dflt;-ss05;+tnum;+lnum;mapping=tex-text;" at 8.0pt
warning: revised_results.tex:176: Requested font "[TeXGyreTermesX-Regular.otf]/OT:script=latn;language=dflt;-ss05;+tnum;+lnum;mapping=tex-text;" at 6.1pt
warning: lineno.sty:296: Invalid UTF-8 byte or sequence at line 296 replaced by U+FFFD.
warning: hyperref.sty:4873: Requested font "pzdr" at 0.00002pt
warning: hyperref.sty:4873:  -> pzdr
warning: main.tex:52: 
Requested font "[TeXGyreTermesX-Regular.otf]/OT" at 10.94997pt
warning: main.tex:52: Requested font "[TeXGyreTermesX-Regular.otf]/OT" at 10.95003pt
warning: main.tex:52: Requested font "[TeXGyreTermesX-Regular.otf]/OT:script=latn;language=dflt;" at 10.95003pt
warning: main.tex:52: Requested font "[TeXGyreTermesX-Bold.otf]/OT:script=latn;language=dflt;" at 10.95003pt
warning: main.tex:52: Requested font "[TeXGyreTermesX-Italic.otf]/OT:script=latn;language=dflt;" at 10.95003pt
warning: main.tex:52: Requested font "[TeXGyreTermesX-Slanted.otf]/OT:script=latn;language=dflt;" at 10.95003pt
warning: main.tex:52: Requested font "[TeXGyreTermesX-BoldItalic.otf]/OT:script=latn;language=dflt;" at 10.95003pt
warning: main.tex:52: Requested font "[TeXGyreTermesX-BoldSlanted.otf]/OT:script=latn;language=dflt;" at 10.95003pt
warning: main.tex:52: Requested font "[TeXGyreTermesX-Regular.otf]/OT:script=latn;language=dflt;-ss05;+tnum;+lnum;mapping=tex-text;" at 10.95pt
warning: main.tex:54: Requested font "[TeXGyreTermesX-Regular.otf]/OT:script=latn;language=dflt;-ss05;+tnum;+lnum;mapping=tex-text;" at 17.28pt
warning: main.tex:54: Requested font "[TeXGyreTermesX-Regular.otf]/OT:script=latn;language=dflt;-ss05;+tnum;+lnum;mapping=tex-text;" at 12.0pt
warning: main.tex:54: 
Requested font "ntx-Regular-tlf-ot1" at 12.0pt
warning: main.tex:54:  -> ntx-Regular-tlf-ot1
warning: main.tex:54: Requested font "ntx-Regular-tlf-ot1" at 8.8pt
warning: main.tex:54:  -> ntx-Regular-tlf-ot1
warning: main.tex:54: Requested font "ntx-Regular-tlf-ot1" at 6.6pt
warning: main.tex:54:  -> ntx-Regular-tlf-ot1
warning: main.tex:54: Requested font "ntxmi" at 12.0pt
warning: main.tex:54:  -> ntxmi
warning: main.tex:54: Requested font "ntxmi" at 8.8pt
warning: main.tex:54:  -> ntxmi
warning: main.tex:54: Requested font "ntxmi7" at 6.6pt
warning: main.tex:54:  -> ntxmi7
warning: main.tex:54: Requested font "ntxsy" at 12.0pt
warning: main.tex:54:  -> ntxsy
warning: main.tex:54: Requested font "ntxsy" at 8.8pt
warning: main.tex:54:  -> ntxsy
warning: main.tex:54: Requested font "ntxsy7" at 6.6pt
warning: main.tex:54:  -> ntxsy7
warning: main.tex:54: Requested font "ntxexx" at 12.0pt
warning: main.tex:54:  -> ntxexx
warning: main.tex:54: Requested font "ntxexx" at 8.8pt
warning: main.tex:54:  -> ntxexx
warning: main.tex:54: Requested font "ntxexx" at 6.6pt
warning: main.tex:54:  -> ntxexx
warning: main.tex:54: 
Requested font "ntxmia" at 12.0pt
warning: main.tex:54:  -> ntxmia
warning: main.tex:54: Requested font "ntxmia" at 8.8pt
warning: main.tex:54:  -> ntxmia
warning: main.tex:54: Requested font "ntxmia" at 6.6pt
warning: main.tex:54:  -> ntxmia
warning: main.tex:54: 
Requested font "ntxsym" at 12.0pt
warning: main.tex:54:  -> ntxsym
warning: main.tex:54: Requested font "ntxsym" at 8.8pt
warning: main.tex:54:  -> ntxsym
warning: main.tex:54: Requested font "ntxsym" at 6.6pt
warning: main.tex:54:  -> ntxsym
warning: main.tex:54: 
Requested font "ntxsyc" at 12.0pt
warning: main.tex:54:  -> ntxsyc
warning: main.tex:54: Requested font "ntxsyc" at 8.8pt
warning: main.tex:54:  -> ntxsyc
warning: main.tex:54: Requested font "ntxsyc" at 6.6pt
warning: main.tex:54:  -> ntxsyc
warning: main.tex:54: Requested font "ntxexa" at 12.0pt
warning: main.tex:54:  -> ntxexa
warning: main.tex:54: Requested font "ntxexa" at 8.8pt
warning: main.tex:54:  -> ntxexa
warning: main.tex:54: Requested font "ntxexa" at 6.6pt
warning: main.tex:54:  -> ntxexa
warning: main.tex:54: Requested font "ntx-Bold-tlf-ot1" at 12.0pt
warning: main.tex:54:  -> ntx-Bold-tlf-ot1
warning: main.tex:54: Requested font "ntx-Bold-tlf-ot1" at 8.8pt
warning: main.tex:54:  -> ntx-Bold-tlf-ot1
warning: main.tex:54: Requested font "ntx-Bold-tlf-ot1" at 6.6pt
warning: main.tex:54:  -> ntx-Bold-tlf-ot1
warning: main.tex:54: Requested font "ntxbmi" at 12.0pt
warning: main.tex:54:  -> ntxbmi
warning: main.tex:54: Requested font "ntxbmi" at 8.8pt
warning: main.tex:54:  -> ntxbmi
warning: main.tex:54: Requested font "ntxbmi7" at 6.6pt
warning: main.tex:54:  -> ntxbmi7
warning: main.tex:54: Requested font "ntxbsy" at 12.0pt
warning: main.tex:54:  -> ntxbsy
warning: main.tex:54: Requested font "ntxbsy" at 8.8pt
warning: main.tex:54:  -> ntxbsy
warning: main.tex:54: Requested font "ntxbsy7" at 6.6pt
warning: main.tex:54:  -> ntxbsy7
warning: main.tex:54: Requested font "ntxbexx" at 12.0pt
warning: main.tex:54:  -> ntxbexx
warning: main.tex:54: Requested font "ntxbexx" at 8.8pt
warning: main.tex:54:  -> ntxbexx
warning: main.tex:54: Requested font "ntxbexx" at 6.6pt
warning: main.tex:54:  -> ntxbexx
warning: main.tex:54: Requested font "[TeXGyreTermesX-Regular.otf]/OT" at 11.99997pt
warning: main.tex:54: Requested font "[TeXGyreTermesX-Regular.otf]/OT:script=latn;language=dflt;" at 12.00003pt
warning: main.tex:54: Requested font "[TeXGyreTermesX-Bold.otf]/OT:script=latn;language=dflt;" at 12.00003pt
warning: main.tex:54: Requested font "[TeXGyreTermesX-Italic.otf]/OT:script=latn;language=dflt;" at 12.00003pt
warning: main.tex:54: Requested font "[TeXGyreTermesX-Slanted.otf]/OT:script=latn;language=dflt;" at 12.00003pt
warning: main.tex:54: Requested font "[TeXGyreTermesX-BoldItalic.otf]/OT:script=latn;language=dflt;" at 12.00003pt
warning: main.tex:54: Requested font "[TeXGyreTermesX-BoldSlanted.otf]/OT:script=latn;language=dflt;" at 12.00003pt
warning: main.tex:54: Requested font "[TeXGyreTermesX-Regular.otf]/OT:script=latn;language=dflt;-ss05;+tnum;+lnum;+sups;mapping=tex-text;" at 12.0pt
warning: main.tex:54: Requested font "[TeXGyreTermesX-Regular.otf]/OT:script=latn;language=dflt;-ss05;+tnum;+lnum;mapping=tex-text;" at 10.0pt
warning: main.tex:56: Requested font "[TeXGyreTermesX-Regular.otf]/OT:script=latn;language=dflt;-ss05;+tnum;+lnum;mapping=tex-text;" at 6.0pt
warning: main.tex:56: Requested font "[lmsans8-regular]:mapping=tex-text;" at 6.0pt
warning: main.tex:57: Requested font "[TeXGyreTermesX-Bold.otf]/OT:script=latn;language=dflt;-ss05;+tnum;+lnum;mapping=tex-text;" at 10.0pt
warning: main.tex:60: Requested font "ntx-Regular-tlf-ot1" at 10.0pt
warning: main.tex:60:  -> ntx-Regular-tlf-ot1
warning: main.tex:60: Requested font "ntx-Regular-tlf-ot1" at 7.3pt
warning: main.tex:60:  -> ntx-Regular-tlf-ot1
warning: main.tex:60: Requested font "ntx-Regular-tlf-ot1" at 5.5pt
warning: main.tex:60:  -> ntx-Regular-tlf-ot1
warning: main.tex:60: Requested font "ntxmi" at 10.0pt
warning: main.tex:60:  -> ntxmi
warning: main.tex:60: Requested font "ntxmi7" at 7.3pt
warning: main.tex:60:  -> ntxmi7
warning: main.tex:60: Requested font "ntxmi5" at 5.5pt
warning: main.tex:60:  -> ntxmi5
warning: main.tex:60: Requested font "ntxsy" at 10.0pt
warning: main.tex:60:  -> ntxsy
warning: main.tex:60: Requested font "ntxsy7" at 7.3pt
warning: main.tex:60:  -> ntxsy7
warning: main.tex:60: Requested font "ntxsy5" at 5.5pt
warning: main.tex:60:  -> ntxsy5
warning: main.tex:60: Requested font "ntxexx" at 10.0pt
warning: main.tex:60:  -> ntxexx
warning: main.tex:60: Requested font "ntxexx" at 7.3pt
warning: main.tex:60:  -> ntxexx
warning: main.tex:60: Requested font "ntxexx" at 5.5pt
warning: main.tex:60:  -> ntxexx
warning: main.tex:60: Requested font "ntxmia" at 10.0pt
warning: main.tex:60:  -> ntxmia
warning: main.tex:60: Requested font "ntxmia" at 7.3pt
warning: main.tex:60:  -> ntxmia
warning: main.tex:60: Requested font "ntxmia" at 5.5pt
warning: main.tex:60:  -> ntxmia
warning: main.tex:60: Requested font "ntxsym" at 10.0pt
warning: main.tex:60:  -> ntxsym
warning: main.tex:60: Requested font "ntxsym" at 7.3pt
warning: main.tex:60:  -> ntxsym
warning: main.tex:60: Requested font "ntxsym" at 5.5pt
warning: main.tex:60:  -> ntxsym
warning: main.tex:60: Requested font "ntxsyc" at 10.0pt
warning: main.tex:60:  -> ntxsyc
warning: main.tex:60: Requested font "ntxsyc" at 7.3pt
warning: main.tex:60:  -> ntxsyc
warning: main.tex:60: Requested font "ntxsyc" at 5.5pt
warning: main.tex:60:  -> ntxsyc
warning: main.tex:60: Requested font "ntxexa" at 10.0pt
warning: main.tex:60:  -> ntxexa
warning: main.tex:60: Requested font "ntxexa" at 7.3pt
warning: main.tex:60:  -> ntxexa
warning: main.tex:60: Requested font "ntxexa" at 5.5pt
warning: main.tex:60:  -> ntxexa
warning: main.tex:60: Requested font "ntx-Bold-tlf-ot1" at 10.0pt
warning: main.tex:60:  -> ntx-Bold-tlf-ot1
warning: main.tex:60: Requested font "ntx-Bold-tlf-ot1" at 7.3pt
warning: main.tex:60:  -> ntx-Bold-tlf-ot1
warning: main.tex:60: Requested font "ntx-Bold-tlf-ot1" at 5.5pt
warning: main.tex:60:  -> ntx-Bold-tlf-ot1
warning: main.tex:60: Requested font "ntxbmi" at 10.0pt
warning: main.tex:60:  -> ntxbmi
warning: main.tex:60: Requested font "ntxbmi7" at 7.3pt
warning: main.tex:60:  -> ntxbmi7
warning: main.tex:60: Requested font "ntxbmi5" at 5.5pt
warning: main.tex:60:  -> ntxbmi5
warning: main.tex:60: Requested font "ntxbsy" at 10.0pt
warning: main.tex:60:  -> ntxbsy
warning: main.tex:60: Requested font "ntxbsy7" at 7.3pt
warning: main.tex:60:  -> ntxbsy7
warning: main.tex:60: Requested font "ntxbsy5" at 5.5pt
warning: main.tex:60:  -> ntxbsy5
warning: main.tex:60: Requested font "ntxbexx" at 10.0pt
warning: main.tex:60:  -> ntxbexx
warning: main.tex:60: Requested font "ntxbexx" at 7.3pt
warning: main.tex:60:  -> ntxbexx
warning: main.tex:60: Requested font "ntxbexx" at 5.5pt
warning: main.tex:60:  -> ntxbexx
warning: main.tex:79: Requested font "[TeXGyreTermesX-Bold.otf]/OT:script=latn;language=dflt;-ss05;+tnum;+lnum;mapping=tex-text;" at 10.95pt
warning: main.tex:88: Requested font "[TeXGyreTermesX-Regular.otf]/OT:script=latn;language=dflt;-ss05;+tnum;+lnum;mapping=tex-text;" at 14.4pt
warning: main.tex:88: Requested font "[TeXGyreTermesX-Bold.otf]/OT:script=latn;language=dflt;-ss05;+tnum;+lnum;mapping=tex-text;" at 14.4pt
warning: main.tex:106: Requested font "[TeXGyreTermesX-Italic.otf]/OT:script=latn;language=dflt;-ss05;+tnum;+lnum;mapping=tex-text;" at 10.95pt
warning: main.tex:109: Requested font "ntx-Regular-tlf-ot1" at 10.95pt
warning: main.tex:109:  -> ntx-Regular-tlf-ot1
warning: main.tex:109: Requested font "ntx-Regular-tlf-ot1" at 8.0pt
warning: main.tex:109:  -> ntx-Regular-tlf-ot1
warning: main.tex:109: Requested font "ntx-Regular-tlf-ot1" at 6.1pt
warning: main.tex:109:  -> ntx-Regular-tlf-ot1
warning: main.tex:109: Requested font "ntxmi" at 10.95pt
warning: main.tex:109:  -> ntxmi
warning: main.tex:109: Requested font "ntxmi7" at 8.0pt
warning: main.tex:109:  -> ntxmi7
warning: main.tex:109: Requested font "ntxmi5" at 6.1pt
warning: main.tex:109:  -> ntxmi5
warning: main.tex:109: Requested font "ntxsy" at 10.95pt
warning: main.tex:109:  -> ntxsy
warning: main.tex:109: Requested font "ntxsy7" at 8.0pt
warning: main.tex:109:  -> ntxsy7
warning: main.tex:109: Requested font "ntxsy5" at 6.1pt
warning: main.tex:109:  -> ntxsy5
warning: main.tex:109: Requested font "ntxexx" at 10.95pt
warning: main.tex:109:  -> ntxexx
warning: main.tex:109: Requested font "ntxexx" at 8.0pt
warning: main.tex:109:  -> ntxexx
warning: main.tex:109: Requested font "ntxexx" at 6.1pt
warning: main.tex:109:  -> ntxexx
warning: main.tex:109: Requested font "ntxmia" at 10.95pt
warning: main.tex:109:  -> ntxmia
warning: main.tex:109: Requested font "ntxmia" at 8.0pt
warning: main.tex:109:  -> ntxmia
warning: main.tex:109: Requested font "ntxmia" at 6.1pt
warning: main.tex:109:  -> ntxmia
warning: main.tex:109: Requested font "ntxsym" at 10.95pt
warning: main.tex:109:  -> ntxsym
warning: main.tex:109: Requested font "ntxsym" at 8.0pt
warning: main.tex:109:  -> ntxsym
warning: main.tex:109: Requested font "ntxsym" at 6.1pt
warning: main.tex:109:  -> ntxsym
warning: main.tex:109: Requested font "ntxsyc" at 10.95pt
warning: main.tex:109:  -> ntxsyc
warning: main.tex:109: Requested font "ntxsyc" at 8.0pt
warning: main.tex:109:  -> ntxsyc
warning: main.tex:109: Requested font "ntxsyc" at 6.1pt
warning: main.tex:109:  -> ntxsyc
warning: main.tex:109: Requested font "ntxexa" at 10.95pt
warning: main.tex:109:  -> ntxexa
warning: main.tex:109: Requested font "ntxexa" at 8.0pt
warning: main.tex:109:  -> ntxexa
warning: main.tex:109: Requested font "ntxexa" at 6.1pt
warning: main.tex:109:  -> ntxexa
warning: main.tex:109: Requested font "ntx-Bold-tlf-ot1" at 10.95pt
warning: main.tex:109:  -> ntx-Bold-tlf-ot1
warning: main.tex:109: Requested font "ntx-Bold-tlf-ot1" at 8.0pt
warning: main.tex:109:  -> ntx-Bold-tlf-ot1
warning: main.tex:109: Requested font "ntx-Bold-tlf-ot1" at 6.1pt
warning: main.tex:109:  -> ntx-Bold-tlf-ot1
warning: main.tex:109: Requested font "ntxbmi" at 10.95pt
warning: main.tex:109:  -> ntxbmi
warning: main.tex:109: Requested font "ntxbmi7" at 8.0pt
warning: main.tex:109:  -> ntxbmi7
warning: main.tex:109: Requested font "ntxbmi5" at 6.1pt
warning: main.tex:109:  -> ntxbmi5
warning: main.tex:109: Requested font "ntxbsy" at 10.95pt
warning: main.tex:109:  -> ntxbsy
warning: main.tex:109: Requested font "ntxbsy7" at 8.0pt
warning: main.tex:109:  -> ntxbsy7
warning: main.tex:109: Requested font "ntxbsy5" at 6.1pt
warning: main.tex:109:  -> ntxbsy5
warning: main.tex:109: Requested font "ntxbexx" at 10.95pt
warning: main.tex:109:  -> ntxbexx
warning: main.tex:109: Requested font "ntxbexx" at 8.0pt
warning: main.tex:109:  -> ntxbexx
warning: main.tex:109: Requested font "ntxbexx" at 6.1pt
warning: main.tex:109:  -> ntxbexx
warning: main.tex:147: Requested font "[TeXGyreTermesX-Bold.otf]/OT:script=latn;language=dflt;-ss05;+tnum;+lnum;mapping=tex-text;" at 12.0pt
warning: revised_results.tex:176: Requested font "[TeXGyreTermesX-Regular.otf]/OT:script=latn;language=dflt;-ss05;+tnum;+lnum;mapping=tex-text;" at 8.0pt
warning: revised_results.tex:176: Requested font "[TeXGyreTermesX-Regular.otf]/OT:script=latn;language=dflt;-ss05;+tnum;+lnum;mapping=tex-text;" at 6.1pt
warning: lineno.sty:296: Invalid UTF-8 byte or sequence at line 296 replaced by U+FFFD.
warning: hyperref.sty:4873: Requested font "pzdr" at 0.00002pt
warning: hyperref.sty:4873:  -> pzdr
warning: main.tex:52: 
Requested font "[TeXGyreTermesX-Regular.otf]/OT" at 10.94997pt
warning: main.tex:52: Requested font "[TeXGyreTermesX-Regular.otf]/OT" at 10.95003pt
warning: main.tex:52: Requested font "[TeXGyreTermesX-Regular.otf]/OT:script=latn;language=dflt;" at 10.95003pt
warning: main.tex:52: Requested font "[TeXGyreTermesX-Bold.otf]/OT:script=latn;language=dflt;" at 10.95003pt
warning: main.tex:52: Requested font "[TeXGyreTermesX-Italic.otf]/OT:script=latn;language=dflt;" at 10.95003pt
warning: main.tex:52: Requested font "[TeXGyreTermesX-Slanted.otf]/OT:script=latn;language=dflt;" at 10.95003pt
warning: main.tex:52: Requested font "[TeXGyreTermesX-BoldItalic.otf]/OT:script=latn;language=dflt;" at 10.95003pt
warning: main.tex:52: Requested font "[TeXGyreTermesX-BoldSlanted.otf]/OT:script=latn;language=dflt;" at 10.95003pt
warning: main.tex:52: Requested font "[TeXGyreTermesX-Regular.otf]/OT:script=latn;language=dflt;-ss05;+tnum;+lnum;mapping=tex-text;" at 10.95pt
warning: main.tex:54: Requested font "[TeXGyreTermesX-Regular.otf]/OT:script=latn;language=dflt;-ss05;+tnum;+lnum;mapping=tex-text;" at 17.28pt
warning: main.tex:54: Requested font "[TeXGyreTermesX-Regular.otf]/OT:script=latn;language=dflt;-ss05;+tnum;+lnum;mapping=tex-text;" at 12.0pt
warning: main.tex:54: 
Requested font "ntx-Regular-tlf-ot1" at 12.0pt
warning: main.tex:54:  -> ntx-Regular-tlf-ot1
warning: main.tex:54: Requested font "ntx-Regular-tlf-ot1" at 8.8pt
warning: main.tex:54:  -> ntx-Regular-tlf-ot1
warning: main.tex:54: Requested font "ntx-Regular-tlf-ot1" at 6.6pt
warning: main.tex:54:  -> ntx-Regular-tlf-ot1
warning: main.tex:54: Requested font "ntxmi" at 12.0pt
warning: main.tex:54:  -> ntxmi
warning: main.tex:54: Requested font "ntxmi" at 8.8pt
warning: main.tex:54:  -> ntxmi
warning: main.tex:54: Requested font "ntxmi7" at 6.6pt
warning: main.tex:54:  -> ntxmi7
warning: main.tex:54: Requested font "ntxsy" at 12.0pt
warning: main.tex:54:  -> ntxsy
warning: main.tex:54: Requested font "ntxsy" at 8.8pt
warning: main.tex:54:  -> ntxsy
warning: main.tex:54: Requested font "ntxsy7" at 6.6pt
warning: main.tex:54:  -> ntxsy7
warning: main.tex:54: Requested font "ntxexx" at 12.0pt
warning: main.tex:54:  -> ntxexx
warning: main.tex:54: Requested font "ntxexx" at 8.8pt
warning: main.tex:54:  -> ntxexx
warning: main.tex:54: Requested font "ntxexx" at 6.6pt
warning: main.tex:54:  -> ntxexx
warning: main.tex:54: 
Requested font "ntxmia" at 12.0pt
warning: main.tex:54:  -> ntxmia
warning: main.tex:54: Requested font "ntxmia" at 8.8pt
warning: main.tex:54:  -> ntxmia
warning: main.tex:54: Requested font "ntxmia" at 6.6pt
warning: main.tex:54:  -> ntxmia
warning: main.tex:54: 
Requested font "ntxsym" at 12.0pt
warning: main.tex:54:  -> ntxsym
warning: main.tex:54: Requested font "ntxsym" at 8.8pt
warning: main.tex:54:  -> ntxsym
warning: main.tex:54: Requested font "ntxsym" at 6.6pt
warning: main.tex:54:  -> ntxsym
warning: main.tex:54: 
Requested font "ntxsyc" at 12.0pt
warning: main.tex:54:  -> ntxsyc
warning: main.tex:54: Requested font "ntxsyc" at 8.8pt
warning: main.tex:54:  -> ntxsyc
warning: main.tex:54: Requested font "ntxsyc" at 6.6pt
warning: main.tex:54:  -> ntxsyc
warning: main.tex:54: Requested font "ntxexa" at 12.0pt
warning: main.tex:54:  -> ntxexa
warning: main.tex:54: Requested font "ntxexa" at 8.8pt
warning: main.tex:54:  -> ntxexa
warning: main.tex:54: Requested font "ntxexa" at 6.6pt
warning: main.tex:54:  -> ntxexa
warning: main.tex:54: Requested font "ntx-Bold-tlf-ot1" at 12.0pt
warning: main.tex:54:  -> ntx-Bold-tlf-ot1
warning: main.tex:54: Requested font "ntx-Bold-tlf-ot1" at 8.8pt
warning: main.tex:54:  -> ntx-Bold-tlf-ot1
warning: main.tex:54: Requested font "ntx-Bold-tlf-ot1" at 6.6pt
warning: main.tex:54:  -> ntx-Bold-tlf-ot1
warning: main.tex:54: Requested font "ntxbmi" at 12.0pt
warning: main.tex:54:  -> ntxbmi
warning: main.tex:54: Requested font "ntxbmi" at 8.8pt
warning: main.tex:54:  -> ntxbmi
warning: main.tex:54: Requested font "ntxbmi7" at 6.6pt
warning: main.tex:54:  -> ntxbmi7
warning: main.tex:54: Requested font "ntxbsy" at 12.0pt
warning: main.tex:54:  -> ntxbsy
warning: main.tex:54: Requested font "ntxbsy" at 8.8pt
warning: main.tex:54:  -> ntxbsy
warning: main.tex:54: Requested font "ntxbsy7" at 6.6pt
warning: main.tex:54:  -> ntxbsy7
warning: main.tex:54: Requested font "ntxbexx" at 12.0pt
warning: main.tex:54:  -> ntxbexx
warning: main.tex:54: Requested font "ntxbexx" at 8.8pt
warning: main.tex:54:  -> ntxbexx
warning: main.tex:54: Requested font "ntxbexx" at 6.6pt
warning: main.tex:54:  -> ntxbexx
warning: main.tex:54: Requested font "[TeXGyreTermesX-Regular.otf]/OT" at 11.99997pt
warning: main.tex:54: Requested font "[TeXGyreTermesX-Regular.otf]/OT:script=latn;language=dflt;" at 12.00003pt
warning: main.tex:54: Requested font "[TeXGyreTermesX-Bold.otf]/OT:script=latn;language=dflt;" at 12.00003pt
warning: main.tex:54: Requested font "[TeXGyreTermesX-Italic.otf]/OT:script=latn;language=dflt;" at 12.00003pt
warning: main.tex:54: Requested font "[TeXGyreTermesX-Slanted.otf]/OT:script=latn;language=dflt;" at 12.00003pt
warning: main.tex:54: Requested font "[TeXGyreTermesX-BoldItalic.otf]/OT:script=latn;language=dflt;" at 12.00003pt
warning: main.tex:54: Requested font "[TeXGyreTermesX-BoldSlanted.otf]/OT:script=latn;language=dflt;" at 12.00003pt
warning: main.tex:54: Requested font "[TeXGyreTermesX-Regular.otf]/OT:script=latn;language=dflt;-ss05;+tnum;+lnum;+sups;mapping=tex-text;" at 12.0pt
warning: main.tex:54: Requested font "[TeXGyreTermesX-Regular.otf]/OT:script=latn;language=dflt;-ss05;+tnum;+lnum;mapping=tex-text;" at 10.0pt
warning: main.tex:56: Requested font "[TeXGyreTermesX-Regular.otf]/OT:script=latn;language=dflt;-ss05;+tnum;+lnum;mapping=tex-text;" at 6.0pt
warning: main.tex:56: Requested font "[lmsans8-regular]:mapping=tex-text;" at 6.0pt
warning: main.tex:57: Requested font "[TeXGyreTermesX-Bold.otf]/OT:script=latn;language=dflt;-ss05;+tnum;+lnum;mapping=tex-text;" at 10.0pt
warning: main.tex:60: Requested font "ntx-Regular-tlf-ot1" at 10.0pt
warning: main.tex:60:  -> ntx-Regular-tlf-ot1
warning: main.tex:60: Requested font "ntx-Regular-tlf-ot1" at 7.3pt
warning: main.tex:60:  -> ntx-Regular-tlf-ot1
warning: main.tex:60: Requested font "ntx-Regular-tlf-ot1" at 5.5pt
warning: main.tex:60:  -> ntx-Regular-tlf-ot1
warning: main.tex:60: Requested font "ntxmi" at 10.0pt
warning: main.tex:60:  -> ntxmi
warning: main.tex:60: Requested font "ntxmi7" at 7.3pt
warning: main.tex:60:  -> ntxmi7
warning: main.tex:60: Requested font "ntxmi5" at 5.5pt
warning: main.tex:60:  -> ntxmi5
warning: main.tex:60: Requested font "ntxsy" at 10.0pt
warning: main.tex:60:  -> ntxsy
warning: main.tex:60: Requested font "ntxsy7" at 7.3pt
warning: main.tex:60:  -> ntxsy7
warning: main.tex:60: Requested font "ntxsy5" at 5.5pt
warning: main.tex:60:  -> ntxsy5
warning: main.tex:60: Requested font "ntxexx" at 10.0pt
warning: main.tex:60:  -> ntxexx
warning: main.tex:60: Requested font "ntxexx" at 7.3pt
warning: main.tex:60:  -> ntxexx
warning: main.tex:60: Requested font "ntxexx" at 5.5pt
warning: main.tex:60:  -> ntxexx
warning: main.tex:60: Requested font "ntxmia" at 10.0pt
warning: main.tex:60:  -> ntxmia
warning: main.tex:60: Requested font "ntxmia" at 7.3pt
warning: main.tex:60:  -> ntxmia
warning: main.tex:60: Requested font "ntxmia" at 5.5pt
warning: main.tex:60:  -> ntxmia
warning: main.tex:60: Requested font "ntxsym" at 10.0pt
warning: main.tex:60:  -> ntxsym
warning: main.tex:60: Requested font "ntxsym" at 7.3pt
warning: main.tex:60:  -> ntxsym
warning: main.tex:60: Requested font "ntxsym" at 5.5pt
warning: main.tex:60:  -> ntxsym
warning: main.tex:60: Requested font "ntxsyc" at 10.0pt
warning: main.tex:60:  -> ntxsyc
warning: main.tex:60: Requested font "ntxsyc" at 7.3pt
warning: main.tex:60:  -> ntxsyc
warning: main.tex:60: Requested font "ntxsyc" at 5.5pt
warning: main.tex:60:  -> ntxsyc
warning: main.tex:60: Requested font "ntxexa" at 10.0pt
warning: main.tex:60:  -> ntxexa
warning: main.tex:60: Requested font "ntxexa" at 7.3pt
warning: main.tex:60:  -> ntxexa
warning: main.tex:60: Requested font "ntxexa" at 5.5pt
warning: main.tex:60:  -> ntxexa
warning: main.tex:60: Requested font "ntx-Bold-tlf-ot1" at 10.0pt
warning: main.tex:60:  -> ntx-Bold-tlf-ot1
warning: main.tex:60: Requested font "ntx-Bold-tlf-ot1" at 7.3pt
warning: main.tex:60:  -> ntx-Bold-tlf-ot1
warning: main.tex:60: Requested font "ntx-Bold-tlf-ot1" at 5.5pt
warning: main.tex:60:  -> ntx-Bold-tlf-ot1
warning: main.tex:60: Requested font "ntxbmi" at 10.0pt
warning: main.tex:60:  -> ntxbmi
warning: main.tex:60: Requested font "ntxbmi7" at 7.3pt
warning: main.tex:60:  -> ntxbmi7
warning: main.tex:60: Requested font "ntxbmi5" at 5.5pt
warning: main.tex:60:  -> ntxbmi5
warning: main.tex:60: Requested font "ntxbsy" at 10.0pt
warning: main.tex:60:  -> ntxbsy
warning: main.tex:60: Requested font "ntxbsy7" at 7.3pt
warning: main.tex:60:  -> ntxbsy7
warning: main.tex:60: Requested font "ntxbsy5" at 5.5pt
warning: main.tex:60:  -> ntxbsy5
warning: main.tex:60: Requested font "ntxbexx" at 10.0pt
warning: main.tex:60:  -> ntxbexx
warning: main.tex:60: Requested font "ntxbexx" at 7.3pt
warning: main.tex:60:  -> ntxbexx
warning: main.tex:60: Requested font "ntxbexx" at 5.5pt
warning: main.tex:60:  -> ntxbexx
warning: main.tex:79: Requested font "[TeXGyreTermesX-Bold.otf]/OT:script=latn;language=dflt;-ss05;+tnum;+lnum;mapping=tex-text;" at 10.95pt
warning: main.tex:88: Requested font "[TeXGyreTermesX-Regular.otf]/OT:script=latn;language=dflt;-ss05;+tnum;+lnum;mapping=tex-text;" at 14.4pt
warning: main.tex:88: Requested font "[TeXGyreTermesX-Bold.otf]/OT:script=latn;language=dflt;-ss05;+tnum;+lnum;mapping=tex-text;" at 14.4pt
warning: main.tex:106: Requested font "[TeXGyreTermesX-Italic.otf]/OT:script=latn;language=dflt;-ss05;+tnum;+lnum;mapping=tex-text;" at 10.95pt
warning: main.tex:109: Requested font "ntx-Regular-tlf-ot1" at 10.95pt
warning: main.tex:109:  -> ntx-Regular-tlf-ot1
warning: main.tex:109: Requested font "ntx-Regular-tlf-ot1" at 8.0pt
warning: main.tex:109:  -> ntx-Regular-tlf-ot1
warning: main.tex:109: Requested font "ntx-Regular-tlf-ot1" at 6.1pt
warning: main.tex:109:  -> ntx-Regular-tlf-ot1
warning: main.tex:109: Requested font "ntxmi" at 10.95pt
warning: main.tex:109:  -> ntxmi
warning: main.tex:109: Requested font "ntxmi7" at 8.0pt
warning: main.tex:109:  -> ntxmi7
warning: main.tex:109: Requested font "ntxmi5" at 6.1pt
warning: main.tex:109:  -> ntxmi5
warning: main.tex:109: Requested font "ntxsy" at 10.95pt
warning: main.tex:109:  -> ntxsy
warning: main.tex:109: Requested font "ntxsy7" at 8.0pt
warning: main.tex:109:  -> ntxsy7
warning: main.tex:109: Requested font "ntxsy5" at 6.1pt
warning: main.tex:109:  -> ntxsy5
warning: main.tex:109: Requested font "ntxexx" at 10.95pt
warning: main.tex:109:  -> ntxexx
warning: main.tex:109: Requested font "ntxexx" at 8.0pt
warning: main.tex:109:  -> ntxexx
warning: main.tex:109: Requested font "ntxexx" at 6.1pt
warning: main.tex:109:  -> ntxexx
warning: main.tex:109: Requested font "ntxmia" at 10.95pt
warning: main.tex:109:  -> ntxmia
warning: main.tex:109: Requested font "ntxmia" at 8.0pt
warning: main.tex:109:  -> ntxmia
warning: main.tex:109: Requested font "ntxmia" at 6.1pt
warning: main.tex:109:  -> ntxmia
warning: main.tex:109: Requested font "ntxsym" at 10.95pt
warning: main.tex:109:  -> ntxsym
warning: main.tex:109: Requested font "ntxsym" at 8.0pt
warning: main.tex:109:  -> ntxsym
warning: main.tex:109: Requested font "ntxsym" at 6.1pt
warning: main.tex:109:  -> ntxsym
warning: main.tex:109: Requested font "ntxsyc" at 10.95pt
warning: main.tex:109:  -> ntxsyc
warning: main.tex:109: Requested font "ntxsyc" at 8.0pt
warning: main.tex:109:  -> ntxsyc
warning: main.tex:109: Requested font "ntxsyc" at 6.1pt
warning: main.tex:109:  -> ntxsyc
warning: main.tex:109: Requested font "ntxexa" at 10.95pt
warning: main.tex:109:  -> ntxexa
warning: main.tex:109: Requested font "ntxexa" at 8.0pt
warning: main.tex:109:  -> ntxexa
warning: main.tex:109: Requested font "ntxexa" at 6.1pt
warning: main.tex:109:  -> ntxexa
warning: main.tex:109: Requested font "ntx-Bold-tlf-ot1" at 10.95pt
warning: main.tex:109:  -> ntx-Bold-tlf-ot1
warning: main.tex:109: Requested font "ntx-Bold-tlf-ot1" at 8.0pt
warning: main.tex:109:  -> ntx-Bold-tlf-ot1
warning: main.tex:109: Requested font "ntx-Bold-tlf-ot1" at 6.1pt
warning: main.tex:109:  -> ntx-Bold-tlf-ot1
warning: main.tex:109: Requested font "ntxbmi" at 10.95pt
warning: main.tex:109:  -> ntxbmi
warning: main.tex:109: Requested font "ntxbmi7" at 8.0pt
warning: main.tex:109:  -> ntxbmi7
warning: main.tex:109: Requested font "ntxbmi5" at 6.1pt
warning: main.tex:109:  -> ntxbmi5
warning: main.tex:109: Requested font "ntxbsy" at 10.95pt
warning: main.tex:109:  -> ntxbsy
warning: main.tex:109: Requested font "ntxbsy7" at 8.0pt
warning: main.tex:109:  -> ntxbsy7
warning: main.tex:109: Requested font "ntxbsy5" at 6.1pt
warning: main.tex:109:  -> ntxbsy5
warning: main.tex:109: Requested font "ntxbexx" at 10.95pt
warning: main.tex:109:  -> ntxbexx
warning: main.tex:109: Requested font "ntxbexx" at 8.0pt
warning: main.tex:109:  -> ntxbexx
warning: main.tex:109: Requested font "ntxbexx" at 6.1pt
warning: main.tex:109:  -> ntxbexx
warning: main.tex:147: Requested font "[TeXGyreTermesX-Bold.otf]/OT:script=latn;language=dflt;-ss05;+tnum;+lnum;mapping=tex-text;" at 12.0pt
warning: revised_results.tex:176: Requested font "[TeXGyreTermesX-Regular.otf]/OT:script=latn;language=dflt;-ss05;+tnum;+lnum;mapping=tex-text;" at 8.0pt
warning: revised_results.tex:176: Requested font "[TeXGyreTermesX-Regular.otf]/OT:script=latn;language=dflt;-ss05;+tnum;+lnum;mapping=tex-text;" at 6.1pt
warning: lineno.sty:296: Invalid UTF-8 byte or sequence at line 296 replaced by U+FFFD.
warning: hyperref.sty:4873: Requested font "pzdr" at 0.00002pt
warning: hyperref.sty:4873:  -> pzdr
warning: main.tex:52: 
Requested font "[TeXGyreTermesX-Regular.otf]/OT" at 10.94997pt
warning: main.tex:52: Requested font "[TeXGyreTermesX-Regular.otf]/OT" at 10.95003pt
warning: main.tex:52: Requested font "[TeXGyreTermesX-Regular.otf]/OT:script=latn;language=dflt;" at 10.95003pt
warning: main.tex:52: Requested font "[TeXGyreTermesX-Bold.otf]/OT:script=latn;language=dflt;" at 10.95003pt
warning: main.tex:52: Requested font "[TeXGyreTermesX-Italic.otf]/OT:script=latn;language=dflt;" at 10.95003pt
warning: main.tex:52: Requested font "[TeXGyreTermesX-Slanted.otf]/OT:script=latn;language=dflt;" at 10.95003pt
warning: main.tex:52: Requested font "[TeXGyreTermesX-BoldItalic.otf]/OT:script=latn;language=dflt;" at 10.95003pt
warning: main.tex:52: Requested font "[TeXGyreTermesX-BoldSlanted.otf]/OT:script=latn;language=dflt;" at 10.95003pt
warning: main.tex:52: Requested font "[TeXGyreTermesX-Regular.otf]/OT:script=latn;language=dflt;-ss05;+tnum;+lnum;mapping=tex-text;" at 10.95pt
warning: main.tex:54: Requested font "[TeXGyreTermesX-Regular.otf]/OT:script=latn;language=dflt;-ss05;+tnum;+lnum;mapping=tex-text;" at 17.28pt
warning: main.tex:54: Requested font "[TeXGyreTermesX-Regular.otf]/OT:script=latn;language=dflt;-ss05;+tnum;+lnum;mapping=tex-text;" at 12.0pt
warning: main.tex:54: 
Requested font "ntx-Regular-tlf-ot1" at 12.0pt
warning: main.tex:54:  -> ntx-Regular-tlf-ot1
warning: main.tex:54: Requested font "ntx-Regular-tlf-ot1" at 8.8pt
warning: main.tex:54:  -> ntx-Regular-tlf-ot1
warning: main.tex:54: Requested font "ntx-Regular-tlf-ot1" at 6.6pt
warning: main.tex:54:  -> ntx-Regular-tlf-ot1
warning: main.tex:54: Requested font "ntxmi" at 12.0pt
warning: main.tex:54:  -> ntxmi
warning: main.tex:54: Requested font "ntxmi" at 8.8pt
warning: main.tex:54:  -> ntxmi
warning: main.tex:54: Requested font "ntxmi7" at 6.6pt
warning: main.tex:54:  -> ntxmi7
warning: main.tex:54: Requested font "ntxsy" at 12.0pt
warning: main.tex:54:  -> ntxsy
warning: main.tex:54: Requested font "ntxsy" at 8.8pt
warning: main.tex:54:  -> ntxsy
warning: main.tex:54: Requested font "ntxsy7" at 6.6pt
warning: main.tex:54:  -> ntxsy7
warning: main.tex:54: Requested font "ntxexx" at 12.0pt
warning: main.tex:54:  -> ntxexx
warning: main.tex:54: Requested font "ntxexx" at 8.8pt
warning: main.tex:54:  -> ntxexx
warning: main.tex:54: Requested font "ntxexx" at 6.6pt
warning: main.tex:54:  -> ntxexx
warning: main.tex:54: 
Requested font "ntxmia" at 12.0pt
warning: main.tex:54:  -> ntxmia
warning: main.tex:54: Requested font "ntxmia" at 8.8pt
warning: main.tex:54:  -> ntxmia
warning: main.tex:54: Requested font "ntxmia" at 6.6pt
warning: main.tex:54:  -> ntxmia
warning: main.tex:54: 
Requested font "ntxsym" at 12.0pt
warning: main.tex:54:  -> ntxsym
warning: main.tex:54: Requested font "ntxsym" at 8.8pt
warning: main.tex:54:  -> ntxsym
warning: main.tex:54: Requested font "ntxsym" at 6.6pt
warning: main.tex:54:  -> ntxsym
warning: main.tex:54: 
Requested font "ntxsyc" at 12.0pt
warning: main.tex:54:  -> ntxsyc
warning: main.tex:54: Requested font "ntxsyc" at 8.8pt
warning: main.tex:54:  -> ntxsyc
warning: main.tex:54: Requested font "ntxsyc" at 6.6pt
warning: main.tex:54:  -> ntxsyc
warning: main.tex:54: Requested font "ntxexa" at 12.0pt
warning: main.tex:54:  -> ntxexa
warning: main.tex:54: Requested font "ntxexa" at 8.8pt
warning: main.tex:54:  -> ntxexa
warning: main.tex:54: Requested font "ntxexa" at 6.6pt
warning: main.tex:54:  -> ntxexa
warning: main.tex:54: Requested font "ntx-Bold-tlf-ot1" at 12.0pt
warning: main.tex:54:  -> ntx-Bold-tlf-ot1
warning: main.tex:54: Requested font "ntx-Bold-tlf-ot1" at 8.8pt
warning: main.tex:54:  -> ntx-Bold-tlf-ot1
warning: main.tex:54: Requested font "ntx-Bold-tlf-ot1" at 6.6pt
warning: main.tex:54:  -> ntx-Bold-tlf-ot1
warning: main.tex:54: Requested font "ntxbmi" at 12.0pt
warning: main.tex:54:  -> ntxbmi
warning: main.tex:54: Requested font "ntxbmi" at 8.8pt
warning: main.tex:54:  -> ntxbmi
warning: main.tex:54: Requested font "ntxbmi7" at 6.6pt
warning: main.tex:54:  -> ntxbmi7
warning: main.tex:54: Requested font "ntxbsy" at 12.0pt
warning: main.tex:54:  -> ntxbsy
warning: main.tex:54: Requested font "ntxbsy" at 8.8pt
warning: main.tex:54:  -> ntxbsy
warning: main.tex:54: Requested font "ntxbsy7" at 6.6pt
warning: main.tex:54:  -> ntxbsy7
warning: main.tex:54: Requested font "ntxbexx" at 12.0pt
warning: main.tex:54:  -> ntxbexx
warning: main.tex:54: Requested font "ntxbexx" at 8.8pt
warning: main.tex:54:  -> ntxbexx
warning: main.tex:54: Requested font "ntxbexx" at 6.6pt
warning: main.tex:54:  -> ntxbexx
warning: main.tex:54: Requested font "[TeXGyreTermesX-Regular.otf]/OT" at 11.99997pt
warning: main.tex:54: Requested font "[TeXGyreTermesX-Regular.otf]/OT:script=latn;language=dflt;" at 12.00003pt
warning: main.tex:54: Requested font "[TeXGyreTermesX-Bold.otf]/OT:script=latn;language=dflt;" at 12.00003pt
warning: main.tex:54: Requested font "[TeXGyreTermesX-Italic.otf]/OT:script=latn;language=dflt;" at 12.00003pt
warning: main.tex:54: Requested font "[TeXGyreTermesX-Slanted.otf]/OT:script=latn;language=dflt;" at 12.00003pt
warning: main.tex:54: Requested font "[TeXGyreTermesX-BoldItalic.otf]/OT:script=latn;language=dflt;" at 12.00003pt
warning: main.tex:54: Requested font "[TeXGyreTermesX-BoldSlanted.otf]/OT:script=latn;language=dflt;" at 12.00003pt
warning: main.tex:54: Requested font "[TeXGyreTermesX-Regular.otf]/OT:script=latn;language=dflt;-ss05;+tnum;+lnum;+sups;mapping=tex-text;" at 12.0pt
warning: main.tex:54: Requested font "[TeXGyreTermesX-Regular.otf]/OT:script=latn;language=dflt;-ss05;+tnum;+lnum;mapping=tex-text;" at 10.0pt
warning: main.tex:56: Requested font "[TeXGyreTermesX-Regular.otf]/OT:script=latn;language=dflt;-ss05;+tnum;+lnum;mapping=tex-text;" at 6.0pt
warning: main.tex:56: Requested font "[lmsans8-regular]:mapping=tex-text;" at 6.0pt
warning: main.tex:57: Requested font "[TeXGyreTermesX-Bold.otf]/OT:script=latn;language=dflt;-ss05;+tnum;+lnum;mapping=tex-text;" at 10.0pt
warning: main.tex:60: Requested font "ntx-Regular-tlf-ot1" at 10.0pt
warning: main.tex:60:  -> ntx-Regular-tlf-ot1
warning: main.tex:60: Requested font "ntx-Regular-tlf-ot1" at 7.3pt
warning: main.tex:60:  -> ntx-Regular-tlf-ot1
warning: main.tex:60: Requested font "ntx-Regular-tlf-ot1" at 5.5pt
warning: main.tex:60:  -> ntx-Regular-tlf-ot1
warning: main.tex:60: Requested font "ntxmi" at 10.0pt
warning: main.tex:60:  -> ntxmi
warning: main.tex:60: Requested font "ntxmi7" at 7.3pt
warning: main.tex:60:  -> ntxmi7
warning: main.tex:60: Requested font "ntxmi5" at 5.5pt
warning: main.tex:60:  -> ntxmi5
warning: main.tex:60: Requested font "ntxsy" at 10.0pt
warning: main.tex:60:  -> ntxsy
warning: main.tex:60: Requested font "ntxsy7" at 7.3pt
warning: main.tex:60:  -> ntxsy7
warning: main.tex:60: Requested font "ntxsy5" at 5.5pt
warning: main.tex:60:  -> ntxsy5
warning: main.tex:60: Requested font "ntxexx" at 10.0pt
warning: main.tex:60:  -> ntxexx
warning: main.tex:60: Requested font "ntxexx" at 7.3pt
warning: main.tex:60:  -> ntxexx
warning: main.tex:60: Requested font "ntxexx" at 5.5pt
warning: main.tex:60:  -> ntxexx
warning: main.tex:60: Requested font "ntxmia" at 10.0pt
warning: main.tex:60:  -> ntxmia
warning: main.tex:60: Requested font "ntxmia" at 7.3pt
warning: main.tex:60:  -> ntxmia
warning: main.tex:60: Requested font "ntxmia" at 5.5pt
warning: main.tex:60:  -> ntxmia
warning: main.tex:60: Requested font "ntxsym" at 10.0pt
warning: main.tex:60:  -> ntxsym
warning: main.tex:60: Requested font "ntxsym" at 7.3pt
warning: main.tex:60:  -> ntxsym
warning: main.tex:60: Requested font "ntxsym" at 5.5pt
warning: main.tex:60:  -> ntxsym
warning: main.tex:60: Requested font "ntxsyc" at 10.0pt
warning: main.tex:60:  -> ntxsyc
warning: main.tex:60: Requested font "ntxsyc" at 7.3pt
warning: main.tex:60:  -> ntxsyc
warning: main.tex:60: Requested font "ntxsyc" at 5.5pt
warning: main.tex:60:  -> ntxsyc
warning: main.tex:60: Requested font "ntxexa" at 10.0pt
warning: main.tex:60:  -> ntxexa
warning: main.tex:60: Requested font "ntxexa" at 7.3pt
warning: main.tex:60:  -> ntxexa
warning: main.tex:60: Requested font "ntxexa" at 5.5pt
warning: main.tex:60:  -> ntxexa
warning: main.tex:60: Requested font "ntx-Bold-tlf-ot1" at 10.0pt
warning: main.tex:60:  -> ntx-Bold-tlf-ot1
warning: main.tex:60: Requested font "ntx-Bold-tlf-ot1" at 7.3pt
warning: main.tex:60:  -> ntx-Bold-tlf-ot1
warning: main.tex:60: Requested font "ntx-Bold-tlf-ot1" at 5.5pt
warning: main.tex:60:  -> ntx-Bold-tlf-ot1
warning: main.tex:60: Requested font "ntxbmi" at 10.0pt
warning: main.tex:60:  -> ntxbmi
warning: main.tex:60: Requested font "ntxbmi7" at 7.3pt
warning: main.tex:60:  -> ntxbmi7
warning: main.tex:60: Requested font "ntxbmi5" at 5.5pt
warning: main.tex:60:  -> ntxbmi5
warning: main.tex:60: Requested font "ntxbsy" at 10.0pt
warning: main.tex:60:  -> ntxbsy
warning: main.tex:60: Requested font "ntxbsy7" at 7.3pt
warning: main.tex:60:  -> ntxbsy7
warning: main.tex:60: Requested font "ntxbsy5" at 5.5pt
warning: main.tex:60:  -> ntxbsy5
warning: main.tex:60: Requested font "ntxbexx" at 10.0pt
warning: main.tex:60:  -> ntxbexx
warning: main.tex:60: Requested font "ntxbexx" at 7.3pt
warning: main.tex:60:  -> ntxbexx
warning: main.tex:60: Requested font "ntxbexx" at 5.5pt
warning: main.tex:60:  -> ntxbexx
warning: main.tex:79: Requested font "[TeXGyreTermesX-Bold.otf]/OT:script=latn;language=dflt;-ss05;+tnum;+lnum;mapping=tex-text;" at 10.95pt
warning: main.tex:88: Requested font "[TeXGyreTermesX-Regular.otf]/OT:script=latn;language=dflt;-ss05;+tnum;+lnum;mapping=tex-text;" at 14.4pt
warning: main.tex:88: Requested font "[TeXGyreTermesX-Bold.otf]/OT:script=latn;language=dflt;-ss05;+tnum;+lnum;mapping=tex-text;" at 14.4pt
warning: main.tex:106: Requested font "[TeXGyreTermesX-Italic.otf]/OT:script=latn;language=dflt;-ss05;+tnum;+lnum;mapping=tex-text;" at 10.95pt
warning: main.tex:109: Requested font "ntx-Regular-tlf-ot1" at 10.95pt
warning: main.tex:109:  -> ntx-Regular-tlf-ot1
warning: main.tex:109: Requested font "ntx-Regular-tlf-ot1" at 8.0pt
warning: main.tex:109:  -> ntx-Regular-tlf-ot1
warning: main.tex:109: Requested font "ntx-Regular-tlf-ot1" at 6.1pt
warning: main.tex:109:  -> ntx-Regular-tlf-ot1
warning: main.tex:109: Requested font "ntxmi" at 10.95pt
warning: main.tex:109:  -> ntxmi
warning: main.tex:109: Requested font "ntxmi7" at 8.0pt
warning: main.tex:109:  -> ntxmi7
warning: main.tex:109: Requested font "ntxmi5" at 6.1pt
warning: main.tex:109:  -> ntxmi5
warning: main.tex:109: Requested font "ntxsy" at 10.95pt
warning: main.tex:109:  -> ntxsy
warning: main.tex:109: Requested font "ntxsy7" at 8.0pt
warning: main.tex:109:  -> ntxsy7
warning: main.tex:109: Requested font "ntxsy5" at 6.1pt
warning: main.tex:109:  -> ntxsy5
warning: main.tex:109: Requested font "ntxexx" at 10.95pt
warning: main.tex:109:  -> ntxexx
warning: main.tex:109: Requested font "ntxexx" at 8.0pt
warning: main.tex:109:  -> ntxexx
warning: main.tex:109: Requested font "ntxexx" at 6.1pt
warning: main.tex:109:  -> ntxexx
warning: main.tex:109: Requested font "ntxmia" at 10.95pt
warning: main.tex:109:  -> ntxmia
warning: main.tex:109: Requested font "ntxmia" at 8.0pt
warning: main.tex:109:  -> ntxmia
warning: main.tex:109: Requested font "ntxmia" at 6.1pt
warning: main.tex:109:  -> ntxmia
warning: main.tex:109: Requested font "ntxsym" at 10.95pt
warning: main.tex:109:  -> ntxsym
warning: main.tex:109: Requested font "ntxsym" at 8.0pt
warning: main.tex:109:  -> ntxsym
warning: main.tex:109: Requested font "ntxsym" at 6.1pt
warning: main.tex:109:  -> ntxsym
warning: main.tex:109: Requested font "ntxsyc" at 10.95pt
warning: main.tex:109:  -> ntxsyc
warning: main.tex:109: Requested font "ntxsyc" at 8.0pt
warning: main.tex:109:  -> ntxsyc
warning: main.tex:109: Requested font "ntxsyc" at 6.1pt
warning: main.tex:109:  -> ntxsyc
warning: main.tex:109: Requested font "ntxexa" at 10.95pt
warning: main.tex:109:  -> ntxexa
warning: main.tex:109: Requested font "ntxexa" at 8.0pt
warning: main.tex:109:  -> ntxexa
warning: main.tex:109: Requested font "ntxexa" at 6.1pt
warning: main.tex:109:  -> ntxexa
warning: main.tex:109: Requested font "ntx-Bold-tlf-ot1" at 10.95pt
warning: main.tex:109:  -> ntx-Bold-tlf-ot1
warning: main.tex:109: Requested font "ntx-Bold-tlf-ot1" at 8.0pt
warning: main.tex:109:  -> ntx-Bold-tlf-ot1
warning: main.tex:109: Requested font "ntx-Bold-tlf-ot1" at 6.1pt
warning: main.tex:109:  -> ntx-Bold-tlf-ot1
warning: main.tex:109: Requested font "ntxbmi" at 10.95pt
warning: main.tex:109:  -> ntxbmi
warning: main.tex:109: Requested font "ntxbmi7" at 8.0pt
warning: main.tex:109:  -> ntxbmi7
warning: main.tex:109: Requested font "ntxbmi5" at 6.1pt
warning: main.tex:109:  -> ntxbmi5
warning: main.tex:109: Requested font "ntxbsy" at 10.95pt
warning: main.tex:109:  -> ntxbsy
warning: main.tex:109: Requested font "ntxbsy7" at 8.0pt
warning: main.tex:109:  -> ntxbsy7
warning: main.tex:109: Requested font "ntxbsy5" at 6.1pt
warning: main.tex:109:  -> ntxbsy5
warning: main.tex:109: Requested font "ntxbexx" at 10.95pt
warning: main.tex:109:  -> ntxbexx
warning: main.tex:109: Requested font "ntxbexx" at 8.0pt
warning: main.tex:109:  -> ntxbexx
warning: main.tex:109: Requested font "ntxbexx" at 6.1pt
warning: main.tex:109:  -> ntxbexx
warning: main.tex:147: Requested font "[TeXGyreTermesX-Bold.otf]/OT:script=latn;language=dflt;-ss05;+tnum;+lnum;mapping=tex-text;" at 12.0pt
warning: revised_results.tex:176: Requested font "[TeXGyreTermesX-Regular.otf]/OT:script=latn;language=dflt;-ss05;+tnum;+lnum;mapping=tex-text;" at 8.0pt
warning: revised_results.tex:176: Requested font "[TeXGyreTermesX-Regular.otf]/OT:script=latn;language=dflt;-ss05;+tnum;+lnum;mapping=tex-text;" at 6.1pt
warning: warnings were issued by the TeX engine; use --print and/or --keep-logs for details.
