warning: fontenc.sty:112: 
Requested font "ec-lmr10" at 10.95pt
warning: fontenc.sty:112:  -> ec-lmr10
warning: hyperref.sty:4873: Requested font "pzdr" at 0.00002pt
warning: hyperref.sty:4873:  -> pzdr
warning: cover_letter_to_editor.tex:10: 
Requested font "[TeXGyreTermesX-Regular.otf]/OT" at 10.94997pt
warning: cover_letter_to_editor.tex:10: Requested font "[TeXGyreTermesX-Regular.otf]/OT" at 10.95003pt
warning: cover_letter_to_editor.tex:10: Requested font "[TeXGyreTermesX-Regular.otf]/OT:script=latn;language=dflt;" at 10.95003pt
warning: cover_letter_to_editor.tex:10: Requested font "[TeXGyreTermesX-Bold.otf]/OT:script=latn;language=dflt;" at 10.95003pt
warning: cover_letter_to_editor.tex:10: Requested font "[TeXGyreTermesX-Italic.otf]/OT:script=latn;language=dflt;" at 10.95003pt
warning: cover_letter_to_editor.tex:10: Requested font "[TeXGyreTermesX-Slanted.otf]/OT:script=latn;language=dflt;" at 10.95003pt
warning: cover_letter_to_editor.tex:10: Requested font "[TeXGyreTermesX-BoldItalic.otf]/OT:script=latn;language=dflt;" at 10.95003pt
warning: cover_letter_to_editor.tex:10: Requested font "[TeXGyreTermesX-BoldSlanted.otf]/OT:script=latn;language=dflt;" at 10.95003pt
warning: cover_letter_to_editor.tex:10: Requested font "[TeXGyreTermesX-Regular.otf]/OT:script=latn;language=dflt;-ss05;+tnum;+lnum;mapping=tex-text;" at 10.95pt
warning: cover_letter_to_editor.tex:11: Requested font "[TeXGyreTermesX-Regular.otf]/OT:script=latn;language=dflt;-ss05;+tnum;+lnum;mapping=tex-text;" at 14.4pt
warning: cover_letter_to_editor.tex:11: Requested font "[TeXGyreTermesX-Bold.otf]/OT:script=latn;language=dflt;-ss05;+tnum;+lnum;mapping=tex-text;" at 14.4pt
warning: cover_letter_to_editor.tex:17: 
Requested font "ntx-Regular-tlf-ot1" at 10.95pt
warning: cover_letter_to_editor.tex:17:  -> ntx-Regular-tlf-ot1
warning: cover_letter_to_editor.tex:17: Requested font "ntx-Regular-tlf-ot1" at 8.0pt
warning: cover_letter_to_editor.tex:17:  -> ntx-Regular-tlf-ot1
warning: cover_letter_to_editor.tex:17: Requested font "ntx-Regular-tlf-ot1" at 6.1pt
warning: cover_letter_to_editor.tex:17:  -> ntx-Regular-tlf-ot1
warning: cover_letter_to_editor.tex:17: Requested font "ntxmi" at 10.95pt
warning: cover_letter_to_editor.tex:17:  -> ntxmi
warning: cover_letter_to_editor.tex:17: Requested font "ntxmi7" at 8.0pt
warning: cover_letter_to_editor.tex:17:  -> ntxmi7
warning: cover_letter_to_editor.tex:17: Requested font "ntxmi5" at 6.1pt
warning: cover_letter_to_editor.tex:17:  -> ntxmi5
warning: cover_letter_to_editor.tex:17: Requested font "ntxsy" at 10.95pt
warning: cover_letter_to_editor.tex:17:  -> ntxsy
warning: cover_letter_to_editor.tex:17: Requested font "ntxsy7" at 8.0pt
warning: cover_letter_to_editor.tex:17:  -> ntxsy7
warning: cover_letter_to_editor.tex:17: Requested font "ntxsy5" at 6.1pt
warning: cover_letter_to_editor.tex:17:  -> ntxsy5
warning: cover_letter_to_editor.tex:17: Requested font "ntxexx" at 10.95pt
warning: cover_letter_to_editor.tex:17:  -> ntxexx
warning: cover_letter_to_editor.tex:17: Requested font "ntxexx" at 8.0pt
warning: cover_letter_to_editor.tex:17:  -> ntxexx
warning: cover_letter_to_editor.tex:17: Requested font "ntxexx" at 6.1pt
warning: cover_letter_to_editor.tex:17:  -> ntxexx
warning: cover_letter_to_editor.tex:17: 
Requested font "msam10" at 10.95pt
warning: cover_letter_to_editor.tex:17:  -> msam10
warning: cover_letter_to_editor.tex:17: 
Requested font "msam10" at 8.0pt
warning: cover_letter_to_editor.tex:17:  -> msam10
warning: cover_letter_to_editor.tex:17: Requested font "msam7" at 6.1pt
warning: cover_letter_to_editor.tex:17:  -> msam7
warning: cover_letter_to_editor.tex:17: 
Requested font "msbm10" at 10.95pt
warning: cover_letter_to_editor.tex:17:  -> msbm10
warning: cover_letter_to_editor.tex:17: 
Requested font "msbm10" at 8.0pt
warning: cover_letter_to_editor.tex:17:  -> msbm10
warning: cover_letter_to_editor.tex:17: Requested font "msbm7" at 6.1pt
warning: cover_letter_to_editor.tex:17:  -> msbm7
warning: cover_letter_to_editor.tex:17: 
Requested font "ntxmia" at 10.95pt
warning: cover_letter_to_editor.tex:17:  -> ntxmia
warning: cover_letter_to_editor.tex:17: Requested font "ntxmia" at 8.0pt
warning: cover_letter_to_editor.tex:17:  -> ntxmia
warning: cover_letter_to_editor.tex:17: Requested font "ntxmia" at 6.1pt
warning: cover_letter_to_editor.tex:17:  -> ntxmia
warning: cover_letter_to_editor.tex:17: 
Requested font "ntxsym" at 10.95pt
warning: cover_letter_to_editor.tex:17:  -> ntxsym
warning: cover_letter_to_editor.tex:17: Requested font "ntxsym" at 8.0pt
warning: cover_letter_to_editor.tex:17:  -> ntxsym
warning: cover_letter_to_editor.tex:17: Requested font "ntxsym" at 6.1pt
warning: cover_letter_to_editor.tex:17:  -> ntxsym
warning: cover_letter_to_editor.tex:17: 
Requested font "ntxsyc" at 10.95pt
warning: cover_letter_to_editor.tex:17:  -> ntxsyc
warning: cover_letter_to_editor.tex:17: Requested font "ntxsyc" at 8.0pt
warning: cover_letter_to_editor.tex:17:  -> ntxsyc
warning: cover_letter_to_editor.tex:17: Requested font "ntxsyc" at 6.1pt
warning: cover_letter_to_editor.tex:17:  -> ntxsyc
warning: cover_letter_to_editor.tex:17: Requested font "ntxexa" at 10.95pt
warning: cover_letter_to_editor.tex:17:  -> ntxexa
warning: cover_letter_to_editor.tex:17: Requested font "ntxexa" at 8.0pt
warning: cover_letter_to_editor.tex:17:  -> ntxexa
warning: cover_letter_to_editor.tex:17: Requested font "ntxexa" at 6.1pt
warning: cover_letter_to_editor.tex:17:  -> ntxexa
warning: fontenc.sty:112: 
Requested font "ec-lmr10" at 10.95pt
warning: fontenc.sty:112:  -> ec-lmr10
warning: hyperref.sty:4873: Requested font "pzdr" at 0.00002pt
warning: hyperref.sty:4873:  -> pzdr
warning: cover_letter_to_editor.tex:10: 
Requested font "[TeXGyreTermesX-Regular.otf]/OT" at 10.94997pt
warning: cover_letter_to_editor.tex:10: Requested font "[TeXGyreTermesX-Regular.otf]/OT" at 10.95003pt
warning: cover_letter_to_editor.tex:10: Requested font "[TeXGyreTermesX-Regular.otf]/OT:script=latn;language=dflt;" at 10.95003pt
warning: cover_letter_to_editor.tex:10: Requested font "[TeXGyreTermesX-Bold.otf]/OT:script=latn;language=dflt;" at 10.95003pt
warning: cover_letter_to_editor.tex:10: Requested font "[TeXGyreTermesX-Italic.otf]/OT:script=latn;language=dflt;" at 10.95003pt
warning: cover_letter_to_editor.tex:10: Requested font "[TeXGyreTermesX-Slanted.otf]/OT:script=latn;language=dflt;" at 10.95003pt
warning: cover_letter_to_editor.tex:10: Requested font "[TeXGyreTermesX-BoldItalic.otf]/OT:script=latn;language=dflt;" at 10.95003pt
warning: cover_letter_to_editor.tex:10: Requested font "[TeXGyreTermesX-BoldSlanted.otf]/OT:script=latn;language=dflt;" at 10.95003pt
warning: cover_letter_to_editor.tex:10: Requested font "[TeXGyreTermesX-Regular.otf]/OT:script=latn;language=dflt;-ss05;+tnum;+lnum;mapping=tex-text;" at 10.95pt
warning: cover_letter_to_editor.tex:11: Requested font "[TeXGyreTermesX-Regular.otf]/OT:script=latn;language=dflt;-ss05;+tnum;+lnum;mapping=tex-text;" at 14.4pt
warning: cover_letter_to_editor.tex:11: Requested font "[TeXGyreTermesX-Bold.otf]/OT:script=latn;language=dflt;-ss05;+tnum;+lnum;mapping=tex-text;" at 14.4pt
warning: cover_letter_to_editor.tex:17: 
Requested font "ntx-Regular-tlf-ot1" at 10.95pt
warning: cover_letter_to_editor.tex:17:  -> ntx-Regular-tlf-ot1
warning: cover_letter_to_editor.tex:17: Requested font "ntx-Regular-tlf-ot1" at 8.0pt
warning: cover_letter_to_editor.tex:17:  -> ntx-Regular-tlf-ot1
warning: cover_letter_to_editor.tex:17: Requested font "ntx-Regular-tlf-ot1" at 6.1pt
warning: cover_letter_to_editor.tex:17:  -> ntx-Regular-tlf-ot1
warning: cover_letter_to_editor.tex:17: Requested font "ntxmi" at 10.95pt
warning: cover_letter_to_editor.tex:17:  -> ntxmi
warning: cover_letter_to_editor.tex:17: Requested font "ntxmi7" at 8.0pt
warning: cover_letter_to_editor.tex:17:  -> ntxmi7
warning: cover_letter_to_editor.tex:17: Requested font "ntxmi5" at 6.1pt
warning: cover_letter_to_editor.tex:17:  -> ntxmi5
warning: cover_letter_to_editor.tex:17: Requested font "ntxsy" at 10.95pt
warning: cover_letter_to_editor.tex:17:  -> ntxsy
warning: cover_letter_to_editor.tex:17: Requested font "ntxsy7" at 8.0pt
warning: cover_letter_to_editor.tex:17:  -> ntxsy7
warning: cover_letter_to_editor.tex:17: Requested font "ntxsy5" at 6.1pt
warning: cover_letter_to_editor.tex:17:  -> ntxsy5
warning: cover_letter_to_editor.tex:17: Requested font "ntxexx" at 10.95pt
warning: cover_letter_to_editor.tex:17:  -> ntxexx
warning: cover_letter_to_editor.tex:17: Requested font "ntxexx" at 8.0pt
warning: cover_letter_to_editor.tex:17:  -> ntxexx
warning: cover_letter_to_editor.tex:17: Requested font "ntxexx" at 6.1pt
warning: cover_letter_to_editor.tex:17:  -> ntxexx
warning: cover_letter_to_editor.tex:17: 
Requested font "msam10" at 10.95pt
warning: cover_letter_to_editor.tex:17:  -> msam10
warning: cover_letter_to_editor.tex:17: 
Requested font "msam10" at 8.0pt
warning: cover_letter_to_editor.tex:17:  -> msam10
warning: cover_letter_to_editor.tex:17: Requested font "msam7" at 6.1pt
warning: cover_letter_to_editor.tex:17:  -> msam7
warning: cover_letter_to_editor.tex:17: 
Requested font "msbm10" at 10.95pt
warning: cover_letter_to_editor.tex:17:  -> msbm10
warning: cover_letter_to_editor.tex:17: 
Requested font "msbm10" at 8.0pt
warning: cover_letter_to_editor.tex:17:  -> msbm10
warning: cover_letter_to_editor.tex:17: Requested font "msbm7" at 6.1pt
warning: cover_letter_to_editor.tex:17:  -> msbm7
warning: cover_letter_to_editor.tex:17: 
Requested font "ntxmia" at 10.95pt
warning: cover_letter_to_editor.tex:17:  -> ntxmia
warning: cover_letter_to_editor.tex:17: Requested font "ntxmia" at 8.0pt
warning: cover_letter_to_editor.tex:17:  -> ntxmia
warning: cover_letter_to_editor.tex:17: Requested font "ntxmia" at 6.1pt
warning: cover_letter_to_editor.tex:17:  -> ntxmia
warning: cover_letter_to_editor.tex:17: 
Requested font "ntxsym" at 10.95pt
warning: cover_letter_to_editor.tex:17:  -> ntxsym
warning: cover_letter_to_editor.tex:17: Requested font "ntxsym" at 8.0pt
warning: cover_letter_to_editor.tex:17:  -> ntxsym
warning: cover_letter_to_editor.tex:17: Requested font "ntxsym" at 6.1pt
warning: cover_letter_to_editor.tex:17:  -> ntxsym
warning: cover_letter_to_editor.tex:17: 
Requested font "ntxsyc" at 10.95pt
warning: cover_letter_to_editor.tex:17:  -> ntxsyc
warning: cover_letter_to_editor.tex:17: Requested font "ntxsyc" at 8.0pt
warning: cover_letter_to_editor.tex:17:  -> ntxsyc
warning: cover_letter_to_editor.tex:17: Requested font "ntxsyc" at 6.1pt
warning: cover_letter_to_editor.tex:17:  -> ntxsyc
warning: cover_letter_to_editor.tex:17: Requested font "ntxexa" at 10.95pt
warning: cover_letter_to_editor.tex:17:  -> ntxexa
warning: cover_letter_to_editor.tex:17: Requested font "ntxexa" at 8.0pt
warning: cover_letter_to_editor.tex:17:  -> ntxexa
warning: cover_letter_to_editor.tex:17: Requested font "ntxexa" at 6.1pt
warning: cover_letter_to_editor.tex:17:  -> ntxexa
warning: warnings were issued by the TeX engine; use --print and/or --keep-logs for details.
