warning: fontenc.sty:112: 
Requested font "ec-lmr10" at 10.95pt
warning: fontenc.sty:112:  -> ec-lmr10
warning: hyperref.sty:4873: Requested font "pzdr" at 0.00002pt
warning: hyperref.sty:4873:  -> pzdr
warning: response_to_reviewers.tex:10: 
Requested font "[TeXGyreTermesX-Regular.otf]/OT" at 10.94997pt
warning: response_to_reviewers.tex:10: Requested font "[TeXGyreTermesX-Regular.otf]/OT" at 10.95003pt
warning: response_to_reviewers.tex:10: Requested font "[TeXGyreTermesX-Regular.otf]/OT:script=latn;language=dflt;" at 10.95003pt
warning: response_to_reviewers.tex:10: Requested font "[TeXGyreTermesX-Bold.otf]/OT:script=latn;language=dflt;" at 10.95003pt
warning: response_to_reviewers.tex:10: Requested font "[TeXGyreTermesX-Italic.otf]/OT:script=latn;language=dflt;" at 10.95003pt
warning: response_to_reviewers.tex:10: Requested font "[TeXGyreTermesX-Slanted.otf]/OT:script=latn;language=dflt;" at 10.95003pt
warning: response_to_reviewers.tex:10: Requested font "[TeXGyreTermesX-BoldItalic.otf]/OT:script=latn;language=dflt;" at 10.95003pt
warning: response_to_reviewers.tex:10: Requested font "[TeXGyreTermesX-BoldSlanted.otf]/OT:script=latn;language=dflt;" at 10.95003pt
warning: response_to_reviewers.tex:10: Requested font "[TeXGyreTermesX-Regular.otf]/OT:script=latn;language=dflt;-ss05;+tnum;+lnum;mapping=tex-text;" at 10.95pt
warning: response_to_reviewers.tex:11: Requested font "[TeXGyreTermesX-Regular.otf]/OT:script=latn;language=dflt;-ss05;+tnum;+lnum;mapping=tex-text;" at 14.4pt
warning: response_to_reviewers.tex:11: Requested font "[TeXGyreTermesX-Bold.otf]/OT:script=latn;language=dflt;-ss05;+tnum;+lnum;mapping=tex-text;" at 14.4pt
warning: response_to_reviewers.tex:11: Requested font "[TeXGyreTermesX-Regular.otf]/OT:script=latn;language=dflt;-ss05;+tnum;+lnum;mapping=tex-text;" at 10.0pt
warning: response_to_reviewers.tex:24: Requested font "[TeXGyreTermesX-Regular.otf]/OT:script=latn;language=dflt;-ss05;+tnum;+lnum;mapping=tex-text;" at 12.0pt
warning: response_to_reviewers.tex:24: Requested font "[TeXGyreTermesX-Bold.otf]/OT:script=latn;language=dflt;-ss05;+tnum;+lnum;mapping=tex-text;" at 12.0pt
warning: response_to_reviewers.tex:26: 
Requested font "ntx-Regular-tlf-ot1" at 10.0pt
warning: response_to_reviewers.tex:26:  -> ntx-Regular-tlf-ot1
warning: response_to_reviewers.tex:26: Requested font "ntx-Regular-tlf-ot1" at 7.3pt
warning: response_to_reviewers.tex:26:  -> ntx-Regular-tlf-ot1
warning: response_to_reviewers.tex:26: Requested font "ntx-Regular-tlf-ot1" at 5.5pt
warning: response_to_reviewers.tex:26:  -> ntx-Regular-tlf-ot1
warning: response_to_reviewers.tex:26: Requested font "ntxmi" at 10.0pt
warning: response_to_reviewers.tex:26:  -> ntxmi
warning: response_to_reviewers.tex:26: Requested font "ntxmi7" at 7.3pt
warning: response_to_reviewers.tex:26:  -> ntxmi7
warning: response_to_reviewers.tex:26: Requested font "ntxmi5" at 5.5pt
warning: response_to_reviewers.tex:26:  -> ntxmi5
warning: response_to_reviewers.tex:26: Requested font "ntxsy" at 10.0pt
warning: response_to_reviewers.tex:26:  -> ntxsy
warning: response_to_reviewers.tex:26: Requested font "ntxsy7" at 7.3pt
warning: response_to_reviewers.tex:26:  -> ntxsy7
warning: response_to_reviewers.tex:26: Requested font "ntxsy5" at 5.5pt
warning: response_to_reviewers.tex:26:  -> ntxsy5
warning: response_to_reviewers.tex:26: Requested font "ntxexx" at 10.0pt
warning: response_to_reviewers.tex:26:  -> ntxexx
warning: response_to_reviewers.tex:26: Requested font "ntxexx" at 7.3pt
warning: response_to_reviewers.tex:26:  -> ntxexx
warning: response_to_reviewers.tex:26: Requested font "ntxexx" at 5.5pt
warning: response_to_reviewers.tex:26:  -> ntxexx
warning: response_to_reviewers.tex:26: 
Requested font "msam10" at 10.0pt
warning: response_to_reviewers.tex:26:  -> msam10
warning: response_to_reviewers.tex:26: 
Requested font "msam7" at 7.3pt
warning: response_to_reviewers.tex:26:  -> msam7
warning: response_to_reviewers.tex:26: Requested font "msam5" at 5.5pt
warning: response_to_reviewers.tex:26:  -> msam5
warning: response_to_reviewers.tex:26: 
Requested font "msbm10" at 10.0pt
warning: response_to_reviewers.tex:26:  -> msbm10
warning: response_to_reviewers.tex:26: 
Requested font "msbm7" at 7.3pt
warning: response_to_reviewers.tex:26:  -> msbm7
warning: response_to_reviewers.tex:26: Requested font "msbm5" at 5.5pt
warning: response_to_reviewers.tex:26:  -> msbm5
warning: response_to_reviewers.tex:26: 
Requested font "ntxmia" at 10.0pt
warning: response_to_reviewers.tex:26:  -> ntxmia
warning: response_to_reviewers.tex:26: Requested font "ntxmia" at 7.3pt
warning: response_to_reviewers.tex:26:  -> ntxmia
warning: response_to_reviewers.tex:26: Requested font "ntxmia" at 5.5pt
warning: response_to_reviewers.tex:26:  -> ntxmia
warning: response_to_reviewers.tex:26: 
Requested font "ntxsym" at 10.0pt
warning: response_to_reviewers.tex:26:  -> ntxsym
warning: response_to_reviewers.tex:26: Requested font "ntxsym" at 7.3pt
warning: response_to_reviewers.tex:26:  -> ntxsym
warning: response_to_reviewers.tex:26: Requested font "ntxsym" at 5.5pt
warning: response_to_reviewers.tex:26:  -> ntxsym
warning: response_to_reviewers.tex:26: 
Requested font "ntxsyc" at 10.0pt
warning: response_to_reviewers.tex:26:  -> ntxsyc
warning: response_to_reviewers.tex:26: Requested font "ntxsyc" at 7.3pt
warning: response_to_reviewers.tex:26:  -> ntxsyc
warning: response_to_reviewers.tex:26: Requested font "ntxsyc" at 5.5pt
warning: response_to_reviewers.tex:26:  -> ntxsyc
warning: response_to_reviewers.tex:26: Requested font "ntxexa" at 10.0pt
warning: response_to_reviewers.tex:26:  -> ntxexa
warning: response_to_reviewers.tex:26: Requested font "ntxexa" at 7.3pt
warning: response_to_reviewers.tex:26:  -> ntxexa
warning: response_to_reviewers.tex:26: Requested font "ntxexa" at 5.5pt
warning: response_to_reviewers.tex:26:  -> ntxexa
warning: response_to_reviewers.tex:29: Requested font "[TeXGyreTermesX-Bold.otf]/OT:script=latn;language=dflt;-ss05;+tnum;+lnum;mapping=tex-text;" at 10.95pt
warning: response_to_reviewers.tex:31: Requested font "ntx-Regular-tlf-ot1" at 10.95pt
warning: response_to_reviewers.tex:31:  -> ntx-Regular-tlf-ot1
warning: response_to_reviewers.tex:31: Requested font "ntx-Regular-tlf-ot1" at 8.0pt
warning: response_to_reviewers.tex:31:  -> ntx-Regular-tlf-ot1
warning: response_to_reviewers.tex:31: Requested font "ntx-Regular-tlf-ot1" at 6.1pt
warning: response_to_reviewers.tex:31:  -> ntx-Regular-tlf-ot1
warning: response_to_reviewers.tex:31: Requested font "ntxmi" at 10.95pt
warning: response_to_reviewers.tex:31:  -> ntxmi
warning: response_to_reviewers.tex:31: Requested font "ntxmi7" at 8.0pt
warning: response_to_reviewers.tex:31:  -> ntxmi7
warning: response_to_reviewers.tex:31: Requested font "ntxmi5" at 6.1pt
warning: response_to_reviewers.tex:31:  -> ntxmi5
warning: response_to_reviewers.tex:31: Requested font "ntxsy" at 10.95pt
warning: response_to_reviewers.tex:31:  -> ntxsy
warning: response_to_reviewers.tex:31: Requested font "ntxsy7" at 8.0pt
warning: response_to_reviewers.tex:31:  -> ntxsy7
warning: response_to_reviewers.tex:31: Requested font "ntxsy5" at 6.1pt
warning: response_to_reviewers.tex:31:  -> ntxsy5
warning: response_to_reviewers.tex:31: Requested font "ntxexx" at 10.95pt
warning: response_to_reviewers.tex:31:  -> ntxexx
warning: response_to_reviewers.tex:31: Requested font "ntxexx" at 8.0pt
warning: response_to_reviewers.tex:31:  -> ntxexx
warning: response_to_reviewers.tex:31: Requested font "ntxexx" at 6.1pt
warning: response_to_reviewers.tex:31:  -> ntxexx
warning: response_to_reviewers.tex:31: Requested font "msam10" at 10.95pt
warning: response_to_reviewers.tex:31:  -> msam10
warning: response_to_reviewers.tex:31: Requested font "msam10" at 8.0pt
warning: response_to_reviewers.tex:31:  -> msam10
warning: response_to_reviewers.tex:31: Requested font "msam7" at 6.1pt
warning: response_to_reviewers.tex:31:  -> msam7
warning: response_to_reviewers.tex:31: Requested font "msbm10" at 10.95pt
warning: response_to_reviewers.tex:31:  -> msbm10
warning: response_to_reviewers.tex:31: Requested font "msbm10" at 8.0pt
warning: response_to_reviewers.tex:31:  -> msbm10
warning: response_to_reviewers.tex:31: Requested font "msbm7" at 6.1pt
warning: response_to_reviewers.tex:31:  -> msbm7
warning: response_to_reviewers.tex:31: Requested font "ntxmia" at 10.95pt
warning: response_to_reviewers.tex:31:  -> ntxmia
warning: response_to_reviewers.tex:31: Requested font "ntxmia" at 8.0pt
warning: response_to_reviewers.tex:31:  -> ntxmia
warning: response_to_reviewers.tex:31: Requested font "ntxmia" at 6.1pt
warning: response_to_reviewers.tex:31:  -> ntxmia
warning: response_to_reviewers.tex:31: Requested font "ntxsym" at 10.95pt
warning: response_to_reviewers.tex:31:  -> ntxsym
warning: response_to_reviewers.tex:31: Requested font "ntxsym" at 8.0pt
warning: response_to_reviewers.tex:31:  -> ntxsym
warning: response_to_reviewers.tex:31: Requested font "ntxsym" at 6.1pt
warning: response_to_reviewers.tex:31:  -> ntxsym
warning: response_to_reviewers.tex:31: Requested font "ntxsyc" at 10.95pt
warning: response_to_reviewers.tex:31:  -> ntxsyc
warning: response_to_reviewers.tex:31: Requested font "ntxsyc" at 8.0pt
warning: response_to_reviewers.tex:31:  -> ntxsyc
warning: response_to_reviewers.tex:31: Requested font "ntxsyc" at 6.1pt
warning: response_to_reviewers.tex:31:  -> ntxsyc
warning: response_to_reviewers.tex:31: Requested font "ntxexa" at 10.95pt
warning: response_to_reviewers.tex:31:  -> ntxexa
warning: response_to_reviewers.tex:31: Requested font "ntxexa" at 8.0pt
warning: response_to_reviewers.tex:31:  -> ntxexa
warning: response_to_reviewers.tex:31: Requested font "ntxexa" at 6.1pt
warning: response_to_reviewers.tex:31:  -> ntxexa
warning: response_to_reviewers.tex:43: Requested font "[TeXGyreTermesX-Italic.otf]/OT:script=latn;language=dflt;-ss05;+tnum;+lnum;mapping=tex-text;" at 10.95pt
warning: four_boundary_response_table.tex:1: Requested font "[TeXGyreTermesX-Regular.otf]/OT:script=latn;language=dflt;-ss05;+tnum;+lnum;mapping=tex-text;" at 8.0pt
warning: four_boundary_response_table.tex:2: Requested font "ntx-Regular-tlf-ot1" at 6.2pt
warning: four_boundary_response_table.tex:2:  -> ntx-Regular-tlf-ot1
warning: four_boundary_response_table.tex:2: Requested font "ntxmi5" at 6.2pt
warning: four_boundary_response_table.tex:2:  -> ntxmi5
warning: four_boundary_response_table.tex:2: Requested font "ntxsy5" at 6.2pt
warning: four_boundary_response_table.tex:2:  -> ntxsy5
warning: four_boundary_response_table.tex:2: Requested font "ntxexx" at 6.2pt
warning: four_boundary_response_table.tex:2:  -> ntxexx
warning: four_boundary_response_table.tex:2: Requested font "msam7" at 6.2pt
warning: four_boundary_response_table.tex:2:  -> msam7
warning: four_boundary_response_table.tex:2: Requested font "msbm7" at 6.2pt
warning: four_boundary_response_table.tex:2:  -> msbm7
warning: four_boundary_response_table.tex:2: Requested font "ntxmia" at 6.2pt
warning: four_boundary_response_table.tex:2:  -> ntxmia
warning: four_boundary_response_table.tex:2: Requested font "ntxsym" at 6.2pt
warning: four_boundary_response_table.tex:2:  -> ntxsym
warning: four_boundary_response_table.tex:2: Requested font "ntxsyc" at 6.2pt
warning: four_boundary_response_table.tex:2:  -> ntxsyc
warning: four_boundary_response_table.tex:2: Requested font "ntxexa" at 6.2pt
warning: four_boundary_response_table.tex:2:  -> ntxexa
warning: four_boundary_response_table.tex:19: Requested font "[TeXGyreTermesX-Regular.otf]/OT:script=latn;language=dflt;-ss05;+tnum;+lnum;mapping=tex-text;" at 9.0pt
warning: four_boundary_response_table.tex:19: Requested font "ntx-Regular-tlf-ot1" at 9.0pt
warning: four_boundary_response_table.tex:19:  -> ntx-Regular-tlf-ot1
warning: four_boundary_response_table.tex:19: Requested font "ntxmi" at 9.0pt
warning: four_boundary_response_table.tex:19:  -> ntxmi
warning: four_boundary_response_table.tex:19: Requested font "ntxsy" at 9.0pt
warning: four_boundary_response_table.tex:19:  -> ntxsy
warning: four_boundary_response_table.tex:19: Requested font "ntxexx" at 9.0pt
warning: four_boundary_response_table.tex:19:  -> ntxexx
warning: four_boundary_response_table.tex:19: Requested font "msam10" at 9.0pt
warning: four_boundary_response_table.tex:19:  -> msam10
warning: four_boundary_response_table.tex:19: Requested font "msbm10" at 9.0pt
warning: four_boundary_response_table.tex:19:  -> msbm10
warning: four_boundary_response_table.tex:19: Requested font "ntxmia" at 9.0pt
warning: four_boundary_response_table.tex:19:  -> ntxmia
warning: four_boundary_response_table.tex:19: Requested font "ntxsym" at 9.0pt
warning: four_boundary_response_table.tex:19:  -> ntxsym
warning: four_boundary_response_table.tex:19: Requested font "ntxsyc" at 9.0pt
warning: four_boundary_response_table.tex:19:  -> ntxsyc
warning: four_boundary_response_table.tex:19: Requested font "ntxexa" at 9.0pt
warning: four_boundary_response_table.tex:19:  -> ntxexa
warning: fontenc.sty:112: 
Requested font "ec-lmr10" at 10.95pt
warning: fontenc.sty:112:  -> ec-lmr10
warning: hyperref.sty:4873: Requested font "pzdr" at 0.00002pt
warning: hyperref.sty:4873:  -> pzdr
warning: response_to_reviewers.tex:10: 
Requested font "[TeXGyreTermesX-Regular.otf]/OT" at 10.94997pt
warning: response_to_reviewers.tex:10: Requested font "[TeXGyreTermesX-Regular.otf]/OT" at 10.95003pt
warning: response_to_reviewers.tex:10: Requested font "[TeXGyreTermesX-Regular.otf]/OT:script=latn;language=dflt;" at 10.95003pt
warning: response_to_reviewers.tex:10: Requested font "[TeXGyreTermesX-Bold.otf]/OT:script=latn;language=dflt;" at 10.95003pt
warning: response_to_reviewers.tex:10: Requested font "[TeXGyreTermesX-Italic.otf]/OT:script=latn;language=dflt;" at 10.95003pt
warning: response_to_reviewers.tex:10: Requested font "[TeXGyreTermesX-Slanted.otf]/OT:script=latn;language=dflt;" at 10.95003pt
warning: response_to_reviewers.tex:10: Requested font "[TeXGyreTermesX-BoldItalic.otf]/OT:script=latn;language=dflt;" at 10.95003pt
warning: response_to_reviewers.tex:10: Requested font "[TeXGyreTermesX-BoldSlanted.otf]/OT:script=latn;language=dflt;" at 10.95003pt
warning: response_to_reviewers.tex:10: Requested font "[TeXGyreTermesX-Regular.otf]/OT:script=latn;language=dflt;-ss05;+tnum;+lnum;mapping=tex-text;" at 10.95pt
warning: response_to_reviewers.tex:11: Requested font "[TeXGyreTermesX-Regular.otf]/OT:script=latn;language=dflt;-ss05;+tnum;+lnum;mapping=tex-text;" at 14.4pt
warning: response_to_reviewers.tex:11: Requested font "[TeXGyreTermesX-Bold.otf]/OT:script=latn;language=dflt;-ss05;+tnum;+lnum;mapping=tex-text;" at 14.4pt
warning: response_to_reviewers.tex:11: Requested font "[TeXGyreTermesX-Regular.otf]/OT:script=latn;language=dflt;-ss05;+tnum;+lnum;mapping=tex-text;" at 10.0pt
warning: response_to_reviewers.tex:24: Requested font "[TeXGyreTermesX-Regular.otf]/OT:script=latn;language=dflt;-ss05;+tnum;+lnum;mapping=tex-text;" at 12.0pt
warning: response_to_reviewers.tex:24: Requested font "[TeXGyreTermesX-Bold.otf]/OT:script=latn;language=dflt;-ss05;+tnum;+lnum;mapping=tex-text;" at 12.0pt
warning: response_to_reviewers.tex:26: 
Requested font "ntx-Regular-tlf-ot1" at 10.0pt
warning: response_to_reviewers.tex:26:  -> ntx-Regular-tlf-ot1
warning: response_to_reviewers.tex:26: Requested font "ntx-Regular-tlf-ot1" at 7.3pt
warning: response_to_reviewers.tex:26:  -> ntx-Regular-tlf-ot1
warning: response_to_reviewers.tex:26: Requested font "ntx-Regular-tlf-ot1" at 5.5pt
warning: response_to_reviewers.tex:26:  -> ntx-Regular-tlf-ot1
warning: response_to_reviewers.tex:26: Requested font "ntxmi" at 10.0pt
warning: response_to_reviewers.tex:26:  -> ntxmi
warning: response_to_reviewers.tex:26: Requested font "ntxmi7" at 7.3pt
warning: response_to_reviewers.tex:26:  -> ntxmi7
warning: response_to_reviewers.tex:26: Requested font "ntxmi5" at 5.5pt
warning: response_to_reviewers.tex:26:  -> ntxmi5
warning: response_to_reviewers.tex:26: Requested font "ntxsy" at 10.0pt
warning: response_to_reviewers.tex:26:  -> ntxsy
warning: response_to_reviewers.tex:26: Requested font "ntxsy7" at 7.3pt
warning: response_to_reviewers.tex:26:  -> ntxsy7
warning: response_to_reviewers.tex:26: Requested font "ntxsy5" at 5.5pt
warning: response_to_reviewers.tex:26:  -> ntxsy5
warning: response_to_reviewers.tex:26: Requested font "ntxexx" at 10.0pt
warning: response_to_reviewers.tex:26:  -> ntxexx
warning: response_to_reviewers.tex:26: Requested font "ntxexx" at 7.3pt
warning: response_to_reviewers.tex:26:  -> ntxexx
warning: response_to_reviewers.tex:26: Requested font "ntxexx" at 5.5pt
warning: response_to_reviewers.tex:26:  -> ntxexx
warning: response_to_reviewers.tex:26: 
Requested font "msam10" at 10.0pt
warning: response_to_reviewers.tex:26:  -> msam10
warning: response_to_reviewers.tex:26: 
Requested font "msam7" at 7.3pt
warning: response_to_reviewers.tex:26:  -> msam7
warning: response_to_reviewers.tex:26: Requested font "msam5" at 5.5pt
warning: response_to_reviewers.tex:26:  -> msam5
warning: response_to_reviewers.tex:26: 
Requested font "msbm10" at 10.0pt
warning: response_to_reviewers.tex:26:  -> msbm10
warning: response_to_reviewers.tex:26: 
Requested font "msbm7" at 7.3pt
warning: response_to_reviewers.tex:26:  -> msbm7
warning: response_to_reviewers.tex:26: Requested font "msbm5" at 5.5pt
warning: response_to_reviewers.tex:26:  -> msbm5
warning: response_to_reviewers.tex:26: 
Requested font "ntxmia" at 10.0pt
warning: response_to_reviewers.tex:26:  -> ntxmia
warning: response_to_reviewers.tex:26: Requested font "ntxmia" at 7.3pt
warning: response_to_reviewers.tex:26:  -> ntxmia
warning: response_to_reviewers.tex:26: Requested font "ntxmia" at 5.5pt
warning: response_to_reviewers.tex:26:  -> ntxmia
warning: response_to_reviewers.tex:26: 
Requested font "ntxsym" at 10.0pt
warning: response_to_reviewers.tex:26:  -> ntxsym
warning: response_to_reviewers.tex:26: Requested font "ntxsym" at 7.3pt
warning: response_to_reviewers.tex:26:  -> ntxsym
warning: response_to_reviewers.tex:26: Requested font "ntxsym" at 5.5pt
warning: response_to_reviewers.tex:26:  -> ntxsym
warning: response_to_reviewers.tex:26: 
Requested font "ntxsyc" at 10.0pt
warning: response_to_reviewers.tex:26:  -> ntxsyc
warning: response_to_reviewers.tex:26: Requested font "ntxsyc" at 7.3pt
warning: response_to_reviewers.tex:26:  -> ntxsyc
warning: response_to_reviewers.tex:26: Requested font "ntxsyc" at 5.5pt
warning: response_to_reviewers.tex:26:  -> ntxsyc
warning: response_to_reviewers.tex:26: Requested font "ntxexa" at 10.0pt
warning: response_to_reviewers.tex:26:  -> ntxexa
warning: response_to_reviewers.tex:26: Requested font "ntxexa" at 7.3pt
warning: response_to_reviewers.tex:26:  -> ntxexa
warning: response_to_reviewers.tex:26: Requested font "ntxexa" at 5.5pt
warning: response_to_reviewers.tex:26:  -> ntxexa
warning: response_to_reviewers.tex:29: Requested font "[TeXGyreTermesX-Bold.otf]/OT:script=latn;language=dflt;-ss05;+tnum;+lnum;mapping=tex-text;" at 10.95pt
warning: response_to_reviewers.tex:31: Requested font "ntx-Regular-tlf-ot1" at 10.95pt
warning: response_to_reviewers.tex:31:  -> ntx-Regular-tlf-ot1
warning: response_to_reviewers.tex:31: Requested font "ntx-Regular-tlf-ot1" at 8.0pt
warning: response_to_reviewers.tex:31:  -> ntx-Regular-tlf-ot1
warning: response_to_reviewers.tex:31: Requested font "ntx-Regular-tlf-ot1" at 6.1pt
warning: response_to_reviewers.tex:31:  -> ntx-Regular-tlf-ot1
warning: response_to_reviewers.tex:31: Requested font "ntxmi" at 10.95pt
warning: response_to_reviewers.tex:31:  -> ntxmi
warning: response_to_reviewers.tex:31: Requested font "ntxmi7" at 8.0pt
warning: response_to_reviewers.tex:31:  -> ntxmi7
warning: response_to_reviewers.tex:31: Requested font "ntxmi5" at 6.1pt
warning: response_to_reviewers.tex:31:  -> ntxmi5
warning: response_to_reviewers.tex:31: Requested font "ntxsy" at 10.95pt
warning: response_to_reviewers.tex:31:  -> ntxsy
warning: response_to_reviewers.tex:31: Requested font "ntxsy7" at 8.0pt
warning: response_to_reviewers.tex:31:  -> ntxsy7
warning: response_to_reviewers.tex:31: Requested font "ntxsy5" at 6.1pt
warning: response_to_reviewers.tex:31:  -> ntxsy5
warning: response_to_reviewers.tex:31: Requested font "ntxexx" at 10.95pt
warning: response_to_reviewers.tex:31:  -> ntxexx
warning: response_to_reviewers.tex:31: Requested font "ntxexx" at 8.0pt
warning: response_to_reviewers.tex:31:  -> ntxexx
warning: response_to_reviewers.tex:31: Requested font "ntxexx" at 6.1pt
warning: response_to_reviewers.tex:31:  -> ntxexx
warning: response_to_reviewers.tex:31: Requested font "msam10" at 10.95pt
warning: response_to_reviewers.tex:31:  -> msam10
warning: response_to_reviewers.tex:31: Requested font "msam10" at 8.0pt
warning: response_to_reviewers.tex:31:  -> msam10
warning: response_to_reviewers.tex:31: Requested font "msam7" at 6.1pt
warning: response_to_reviewers.tex:31:  -> msam7
warning: response_to_reviewers.tex:31: Requested font "msbm10" at 10.95pt
warning: response_to_reviewers.tex:31:  -> msbm10
warning: response_to_reviewers.tex:31: Requested font "msbm10" at 8.0pt
warning: response_to_reviewers.tex:31:  -> msbm10
warning: response_to_reviewers.tex:31: Requested font "msbm7" at 6.1pt
warning: response_to_reviewers.tex:31:  -> msbm7
warning: response_to_reviewers.tex:31: Requested font "ntxmia" at 10.95pt
warning: response_to_reviewers.tex:31:  -> ntxmia
warning: response_to_reviewers.tex:31: Requested font "ntxmia" at 8.0pt
warning: response_to_reviewers.tex:31:  -> ntxmia
warning: response_to_reviewers.tex:31: Requested font "ntxmia" at 6.1pt
warning: response_to_reviewers.tex:31:  -> ntxmia
warning: response_to_reviewers.tex:31: Requested font "ntxsym" at 10.95pt
warning: response_to_reviewers.tex:31:  -> ntxsym
warning: response_to_reviewers.tex:31: Requested font "ntxsym" at 8.0pt
warning: response_to_reviewers.tex:31:  -> ntxsym
warning: response_to_reviewers.tex:31: Requested font "ntxsym" at 6.1pt
warning: response_to_reviewers.tex:31:  -> ntxsym
warning: response_to_reviewers.tex:31: Requested font "ntxsyc" at 10.95pt
warning: response_to_reviewers.tex:31:  -> ntxsyc
warning: response_to_reviewers.tex:31: Requested font "ntxsyc" at 8.0pt
warning: response_to_reviewers.tex:31:  -> ntxsyc
warning: response_to_reviewers.tex:31: Requested font "ntxsyc" at 6.1pt
warning: response_to_reviewers.tex:31:  -> ntxsyc
warning: response_to_reviewers.tex:31: Requested font "ntxexa" at 10.95pt
warning: response_to_reviewers.tex:31:  -> ntxexa
warning: response_to_reviewers.tex:31: Requested font "ntxexa" at 8.0pt
warning: response_to_reviewers.tex:31:  -> ntxexa
warning: response_to_reviewers.tex:31: Requested font "ntxexa" at 6.1pt
warning: response_to_reviewers.tex:31:  -> ntxexa
warning: response_to_reviewers.tex:43: Requested font "[TeXGyreTermesX-Italic.otf]/OT:script=latn;language=dflt;-ss05;+tnum;+lnum;mapping=tex-text;" at 10.95pt
warning: four_boundary_response_table.tex:1: Requested font "[TeXGyreTermesX-Regular.otf]/OT:script=latn;language=dflt;-ss05;+tnum;+lnum;mapping=tex-text;" at 8.0pt
warning: four_boundary_response_table.tex:2: Requested font "ntx-Regular-tlf-ot1" at 6.2pt
warning: four_boundary_response_table.tex:2:  -> ntx-Regular-tlf-ot1
warning: four_boundary_response_table.tex:2: Requested font "ntxmi5" at 6.2pt
warning: four_boundary_response_table.tex:2:  -> ntxmi5
warning: four_boundary_response_table.tex:2: Requested font "ntxsy5" at 6.2pt
warning: four_boundary_response_table.tex:2:  -> ntxsy5
warning: four_boundary_response_table.tex:2: Requested font "ntxexx" at 6.2pt
warning: four_boundary_response_table.tex:2:  -> ntxexx
warning: four_boundary_response_table.tex:2: Requested font "msam7" at 6.2pt
warning: four_boundary_response_table.tex:2:  -> msam7
warning: four_boundary_response_table.tex:2: Requested font "msbm7" at 6.2pt
warning: four_boundary_response_table.tex:2:  -> msbm7
warning: four_boundary_response_table.tex:2: Requested font "ntxmia" at 6.2pt
warning: four_boundary_response_table.tex:2:  -> ntxmia
warning: four_boundary_response_table.tex:2: Requested font "ntxsym" at 6.2pt
warning: four_boundary_response_table.tex:2:  -> ntxsym
warning: four_boundary_response_table.tex:2: Requested font "ntxsyc" at 6.2pt
warning: four_boundary_response_table.tex:2:  -> ntxsyc
warning: four_boundary_response_table.tex:2: Requested font "ntxexa" at 6.2pt
warning: four_boundary_response_table.tex:2:  -> ntxexa
warning: four_boundary_response_table.tex:19: Requested font "[TeXGyreTermesX-Regular.otf]/OT:script=latn;language=dflt;-ss05;+tnum;+lnum;mapping=tex-text;" at 9.0pt
warning: four_boundary_response_table.tex:19: Requested font "ntx-Regular-tlf-ot1" at 9.0pt
warning: four_boundary_response_table.tex:19:  -> ntx-Regular-tlf-ot1
warning: four_boundary_response_table.tex:19: Requested font "ntxmi" at 9.0pt
warning: four_boundary_response_table.tex:19:  -> ntxmi
warning: four_boundary_response_table.tex:19: Requested font "ntxsy" at 9.0pt
warning: four_boundary_response_table.tex:19:  -> ntxsy
warning: four_boundary_response_table.tex:19: Requested font "ntxexx" at 9.0pt
warning: four_boundary_response_table.tex:19:  -> ntxexx
warning: four_boundary_response_table.tex:19: Requested font "msam10" at 9.0pt
warning: four_boundary_response_table.tex:19:  -> msam10
warning: four_boundary_response_table.tex:19: Requested font "msbm10" at 9.0pt
warning: four_boundary_response_table.tex:19:  -> msbm10
warning: four_boundary_response_table.tex:19: Requested font "ntxmia" at 9.0pt
warning: four_boundary_response_table.tex:19:  -> ntxmia
warning: four_boundary_response_table.tex:19: Requested font "ntxsym" at 9.0pt
warning: four_boundary_response_table.tex:19:  -> ntxsym
warning: four_boundary_response_table.tex:19: Requested font "ntxsyc" at 9.0pt
warning: four_boundary_response_table.tex:19:  -> ntxsyc
warning: four_boundary_response_table.tex:19: Requested font "ntxexa" at 9.0pt
warning: four_boundary_response_table.tex:19:  -> ntxexa
warning: warnings were issued by the TeX engine; use --print and/or --keep-logs for details.
