{
  "beam_cases": 600,
  "boundary_records": 10200,
  "run_failures": 0,
  "proxy_halfheight_undefined": [],
  "Q_equals_Tpbar_max_absolute": 6.938893903907228e-18,
  "scientific_status": "PROPAGATION_AND_POSTPROCESSING_COMPLETE_VALIDATION_IN_PROGRESS"
}
{'m': 2, 'boundary': 'scaled_0.9', 'advance_0.5': 0.09082325022959166, 'boundary_change_relative': 0.020904213479661232, 'event_status': 'defined'}
{'m': 2, 'boundary': 'scaled_1', 'advance_0.5': 0.088963537450814, 'boundary_change_relative': 0.0, 'event_status': 'defined'}
{'m': 2, 'boundary': 'scaled_1.1', 'advance_0.5': 0.08345751509389401, 'boundary_change_relative': -0.06189077586943024, 'event_status': 'defined'}
{'m': 2, 'boundary': 'actual_root', 'advance_0.5': 0.08429347146676842, 'boundary_change_relative': -0.052494157919783256, 'event_status': 'defined'}
{'m': 3, 'boundary': 'scaled_0.9', 'advance_0.5': 0.18232277409480832, 'boundary_change_relative': -0.02269547361938608, 'event_status': 'defined'}
{'m': 3, 'boundary': 'scaled_1', 'advance_0.5': 0.18655676830847115, 'boundary_change_relative': 0.0, 'event_status': 'defined'}
{'m': 3, 'boundary': 'scaled_1.1', 'advance_0.5': 0.18377225783554588, 'boundary_change_relative': -0.014925807828752111, 'event_status': 'defined'}
{'m': 3, 'boundary': 'actual_root', 'advance_0.5': 0.18516795720042428, 'boundary_change_relative': -0.007444442357355114, 'event_status': 'defined'}
{'m': 4, 'boundary': 'scaled_0.9', 'advance_0.5': 0.2736875991651752, 'boundary_change_relative': -0.06261558826471002, 'event_status': 'defined'}
{'m': 4, 'boundary': 'scaled_1', 'advance_0.5': 0.29196943723282487, 'boundary_change_relative': 0.0, 'event_status': 'defined'}
{'m': 4, 'boundary': 'scaled_1.1', 'advance_0.5': 0.30133731659474305, 'boundary_change_relative': 0.032085136892078085, 'event_status': 'defined'}
{'m': 4, 'boundary': 'actual_root', 'advance_0.5': 0.30217517609202754, 'boundary_change_relative': 0.034954819093151596, 'event_status': 'defined'}
