R24_eta0.35_plus_channel_only_d0 0.47984925
R24_eta0.35_opposite_half_shifts_d0 0.483813417
R24_eta0.35_common_half_shift_d0 0.47669229199999985
R24_eta0.35_plus_channel_only_d0.01 0.48665633399999986
R24_eta0.35_opposite_half_shifts_d0.01 0.48844029099999986
R24_eta0.35_common_half_shift_d0.01 0.49058345800000014
R24_eta0.35_plus_channel_only_d0.05 0.5206102079999999
R24_eta0.35_opposite_half_shifts_d0.05 0.5294400419999996
R24_eta0.35_common_half_shift_d0.05 0.525368125
R24_eta0.35_plus_channel_only_d0.1 0.5347743340000006
R24_eta0.35_opposite_half_shifts_d0.1 0.5530735
R24_eta0.35_common_half_shift_d0.1 0.5525434579999997
R24_eta0.7_plus_channel_only_d0 0.477689625
R24_eta0.7_opposite_half_shifts_d0 0.48053224999999955
R24_eta0.7_common_half_shift_d0 0.49397562500000003
R24_eta0.7_plus_channel_only_d0.01 0.4973206249999995
R24_eta0.7_opposite_half_shifts_d0.01 0.47586562500000085
R24_eta0.7_common_half_shift_d0.01 0.47953700000000055
R24_eta0.7_plus_channel_only_d0.05 0.506387375000001
R24_eta0.7_opposite_half_shifts_d0.05 0.5260923329999994
R24_eta0.7_common_half_shift_d0.05 0.5280352500000003
R24_eta0.7_plus_channel_only_d0.1 0.5452716249999998
R24_eta0.7_opposite_half_shifts_d0.1 0.5599149580000002
R24_eta0.7_common_half_shift_d0.1 0.558648250000001
R96_eta0.35_plus_channel_only_d0 0.48017087500000066
R96_eta0.35_opposite_half_shifts_d0 0.4835737499999997
R96_eta0.35_common_half_shift_d0 0.4784015420000003
R96_eta0.35_plus_channel_only_d0.01 0.5037381669999998
R96_eta0.35_opposite_half_shifts_d0.01 0.5066182499999989
R96_eta0.35_common_half_shift_d0.01 0.5016849170000004
R96_eta0.35_plus_channel_only_d0.05 0.5474659579999983
R96_eta0.35_opposite_half_shifts_d0.05 0.550402708
R96_eta0.35_common_half_shift_d0.05 0.557519874999997
R96_eta0.35_plus_channel_only_d0.1 0.5792043749999998
R96_eta0.35_opposite_half_shifts_d0.1 0.6166725829999997
R96_eta0.35_common_half_shift_d0.1 0.6067721250000027
R96_eta0.7_plus_channel_only_d0 0.4958649169999987
R96_eta0.7_opposite_half_shifts_d0 0.4987566249999986
R96_eta0.7_common_half_shift_d0 0.498924333999998
R96_eta0.7_plus_channel_only_d0.01 0.5129068329999988
R96_eta0.7_opposite_half_shifts_d0.01 0.51212825
R96_eta0.7_common_half_shift_d0.01 0.5034054159999997
R96_eta0.7_plus_channel_only_d0.05 0.5482375839999989
R96_eta0.7_opposite_half_shifts_d0.05 0.5643018749999982
R96_eta0.7_common_half_shift_d0.05 0.5622182080000009
R96_eta0.7_plus_channel_only_d0.1 0.5881358750000025
R96_eta0.7_opposite_half_shifts_d0.1 0.6093129590000004
R96_eta0.7_common_half_shift_d0.1 0.6131293329999998
